[0.054s] DEBUG:colcon:Command line arguments: ['/usr/bin/colcon', 'build']
[0.054s] DEBUG:colcon:Parsed command line arguments: Namespace(log_base=None, log_level=None, verb_name='build', build_base='build', install_base='install', merge_install=False, symlink_install=False, test_result_base=None, continue_on_error=False, executor='parallel', parallel_workers=20, event_handlers=None, ignore_user_meta=False, metas=['./colcon.meta'], base_paths=['.'], packages_ignore=None, packages_ignore_regex=None, paths=None, packages_up_to=None, packages_up_to_regex=None, packages_above=None, packages_above_and_dependencies=None, packages_above_depth=None, packages_select_by_dep=None, packages_skip_by_dep=None, packages_skip_up_to=None, packages_select_build_failed=False, packages_skip_build_finished=False, packages_select_test_failures=False, packages_skip_test_passed=False, packages_select=None, packages_skip=None, packages_select_regex=None, packages_skip_regex=None, packages_start=None, packages_end=None, allow_overriding=[], cmake_args=None, cmake_target=None, cmake_target_skip_unavailable=False, cmake_clean_cache=False, cmake_clean_first=False, cmake_force_configure=False, ament_cmake_args=None, catkin_cmake_args=None, catkin_skip_building_tests=False, verb_parser=<colcon_defaults.argument_parser.defaults.DefaultArgumentsDecorator object at 0x7ff759746470>, verb_extension=<colcon_core.verb.build.BuildVerb object at 0x7ff7597458d0>, main=<bound method BuildVerb.main of <colcon_core.verb.build.BuildVerb object at 0x7ff7597458d0>>)
[0.076s] Level 1:colcon.colcon_core.package_discovery:discover_packages(colcon_meta) check parameters
[0.076s] Level 1:colcon.colcon_core.package_discovery:discover_packages(recursive) check parameters
[0.076s] Level 1:colcon.colcon_core.package_discovery:discover_packages(ignore) check parameters
[0.076s] Level 1:colcon.colcon_core.package_discovery:discover_packages(path) check parameters
[0.076s] Level 1:colcon.colcon_core.package_discovery:discover_packages(colcon_meta) discover
[0.076s] Level 1:colcon.colcon_core.package_discovery:discover_packages(recursive) discover
[0.076s] INFO:colcon.colcon_core.package_discovery:Crawling recursively for packages in '/home/ymrobot/ros2_ws_guidance/src/aoa_tracking'
[0.076s] Level 1:colcon.colcon_core.package_identification:_identify(.) by extensions ['ignore', 'ignore_ament_install']
[0.076s] Level 1:colcon.colcon_core.package_identification:_identify(.) by extension 'ignore'
[0.076s] Level 1:colcon.colcon_core.package_identification:_identify(.) by extension 'ignore_ament_install'
[0.076s] Level 1:colcon.colcon_core.package_identification:_identify(.) by extensions ['colcon_pkg']
[0.076s] Level 1:colcon.colcon_core.package_identification:_identify(.) by extension 'colcon_pkg'
[0.076s] Level 1:colcon.colcon_core.package_identification:_identify(.) by extensions ['colcon_meta']
[0.076s] Level 1:colcon.colcon_core.package_identification:_identify(.) by extension 'colcon_meta'
[0.076s] Level 1:colcon.colcon_core.package_identification:_identify(.) by extensions ['ros']
[0.076s] Level 1:colcon.colcon_core.package_identification:_identify(.) by extension 'ros'
[0.085s] DEBUG:colcon.colcon_core.package_identification:Package '.' with type 'ros.ament_cmake' and name 'aoa_tracking'
[0.085s] Level 1:colcon.colcon_core.package_discovery:discover_packages(recursive) using defaults
[0.085s] Level 1:colcon.colcon_core.package_discovery:discover_packages(ignore) discover
[0.085s] Level 1:colcon.colcon_core.package_discovery:discover_packages(ignore) using defaults
[0.085s] Level 1:colcon.colcon_core.package_discovery:discover_packages(path) discover
[0.085s] Level 1:colcon.colcon_core.package_discovery:discover_packages(path) using defaults
[0.096s] Level 1:colcon.colcon_core.package_discovery:discover_packages(prefix_path) check parameters
[0.096s] Level 1:colcon.colcon_core.package_discovery:discover_packages(prefix_path) discover
[0.098s] DEBUG:colcon.colcon_installed_package_information.package_discovery:Found 1 installed packages in /home/ymrobot/ros2_ws_guidance/src/aoa_tracking/install
[0.098s] DEBUG:colcon.colcon_installed_package_information.package_discovery:Found 28 installed packages in /home/ymrobot/ros2_ws_guidance/install
[0.099s] DEBUG:colcon.colcon_installed_package_information.package_discovery:Found 353 installed packages in /opt/ros/humble
[0.100s] Level 1:colcon.colcon_core.package_discovery:discover_packages(prefix_path) using defaults
[0.122s] Level 5:colcon.colcon_core.verb:set package 'aoa_tracking' build argument 'cmake_args' from command line to 'None'
[0.122s] Level 5:colcon.colcon_core.verb:set package 'aoa_tracking' build argument 'cmake_target' from command line to 'None'
[0.122s] Level 5:colcon.colcon_core.verb:set package 'aoa_tracking' build argument 'cmake_target_skip_unavailable' from command line to 'False'
[0.122s] Level 5:colcon.colcon_core.verb:set package 'aoa_tracking' build argument 'cmake_clean_cache' from command line to 'False'
[0.122s] Level 5:colcon.colcon_core.verb:set package 'aoa_tracking' build argument 'cmake_clean_first' from command line to 'False'
[0.122s] Level 5:colcon.colcon_core.verb:set package 'aoa_tracking' build argument 'cmake_force_configure' from command line to 'False'
[0.122s] Level 5:colcon.colcon_core.verb:set package 'aoa_tracking' build argument 'ament_cmake_args' from command line to 'None'
[0.122s] Level 5:colcon.colcon_core.verb:set package 'aoa_tracking' build argument 'catkin_cmake_args' from command line to 'None'
[0.122s] Level 5:colcon.colcon_core.verb:set package 'aoa_tracking' build argument 'catkin_skip_building_tests' from command line to 'False'
[0.122s] DEBUG:colcon.colcon_core.verb:Building package 'aoa_tracking' with the following arguments: {'ament_cmake_args': None, 'build_base': '/home/ymrobot/ros2_ws_guidance/src/aoa_tracking/build/aoa_tracking', 'catkin_cmake_args': None, 'catkin_skip_building_tests': False, 'cmake_args': None, 'cmake_clean_cache': False, 'cmake_clean_first': False, 'cmake_force_configure': False, 'cmake_target': None, 'cmake_target_skip_unavailable': False, 'install_base': '/home/ymrobot/ros2_ws_guidance/src/aoa_tracking/install/aoa_tracking', 'merge_install': False, 'path': '/home/ymrobot/ros2_ws_guidance/src/aoa_tracking', 'symlink_install': False, 'test_result_base': None}
[0.122s] INFO:colcon.colcon_core.executor:Executing jobs using 'parallel' executor
[0.123s] DEBUG:colcon.colcon_parallel_executor.executor.parallel:run_until_complete
[0.123s] INFO:colcon.colcon_ros.task.ament_cmake.build:Building ROS package in '/home/ymrobot/ros2_ws_guidance/src/aoa_tracking' with build type 'ament_cmake'
[0.123s] INFO:colcon.colcon_cmake.task.cmake.build:Building CMake package in '/home/ymrobot/ros2_ws_guidance/src/aoa_tracking'
[0.125s] INFO:colcon.colcon_core.plugin_system:Skipping extension 'colcon_core.shell.bat': Not used on non-Windows systems
[0.125s] INFO:colcon.colcon_core.shell:Skip shell extension 'powershell' for command environment: Not usable outside of PowerShell
[0.125s] DEBUG:colcon.colcon_core.shell:Skip shell extension 'dsv' for command environment
[0.133s] DEBUG:colcon.colcon_core.event_handler.log_command:Invoking command in '/home/ymrobot/ros2_ws_guidance/src/aoa_tracking/build/aoa_tracking': CMAKE_PREFIX_PATH=${CMAKE_PREFIX_PATH}:/home/ymrobot/ros2_ws_guidance/install/play_mp3_action:/home/ymrobot/ros2_ws_guidance/install/aud_conver:/home/ymrobot/ros2_ws_guidance/install/ymbot_xiaoxue_description:/home/ymrobot/ros2_ws_guidance/install/pedestrian_detector_node:/home/ymrobot/ros2_ws_guidance/install/log_uploader_node:/opt/ros/humble /usr/bin/cmake --build /home/ymrobot/ros2_ws_guidance/src/aoa_tracking/build/aoa_tracking -- -j20 -l20
[4.812s] DEBUG:colcon.colcon_core.event_handler.log_command:Invoked command in '/home/ymrobot/ros2_ws_guidance/src/aoa_tracking/build/aoa_tracking' returned '0': CMAKE_PREFIX_PATH=${CMAKE_PREFIX_PATH}:/home/ymrobot/ros2_ws_guidance/install/play_mp3_action:/home/ymrobot/ros2_ws_guidance/install/aud_conver:/home/ymrobot/ros2_ws_guidance/install/ymbot_xiaoxue_description:/home/ymrobot/ros2_ws_guidance/install/pedestrian_detector_node:/home/ymrobot/ros2_ws_guidance/install/log_uploader_node:/opt/ros/humble /usr/bin/cmake --build /home/ymrobot/ros2_ws_guidance/src/aoa_tracking/build/aoa_tracking -- -j20 -l20
[4.819s] DEBUG:colcon.colcon_core.event_handler.log_command:Invoking command in '/home/ymrobot/ros2_ws_guidance/src/aoa_tracking/build/aoa_tracking': CMAKE_PREFIX_PATH=${CMAKE_PREFIX_PATH}:/home/ymrobot/ros2_ws_guidance/install/play_mp3_action:/home/ymrobot/ros2_ws_guidance/install/aud_conver:/home/ymrobot/ros2_ws_guidance/install/ymbot_xiaoxue_description:/home/ymrobot/ros2_ws_guidance/install/pedestrian_detector_node:/home/ymrobot/ros2_ws_guidance/install/log_uploader_node:/opt/ros/humble /usr/bin/cmake --install /home/ymrobot/ros2_ws_guidance/src/aoa_tracking/build/aoa_tracking
[4.826s] Level 1:colcon.colcon_core.environment:create_environment_scripts_only(aoa_tracking)
[4.827s] DEBUG:colcon.colcon_core.event_handler.log_command:Invoked command in '/home/ymrobot/ros2_ws_guidance/src/aoa_tracking/build/aoa_tracking' returned '0': CMAKE_PREFIX_PATH=${CMAKE_PREFIX_PATH}:/home/ymrobot/ros2_ws_guidance/install/play_mp3_action:/home/ymrobot/ros2_ws_guidance/install/aud_conver:/home/ymrobot/ros2_ws_guidance/install/ymbot_xiaoxue_description:/home/ymrobot/ros2_ws_guidance/install/pedestrian_detector_node:/home/ymrobot/ros2_ws_guidance/install/log_uploader_node:/opt/ros/humble /usr/bin/cmake --install /home/ymrobot/ros2_ws_guidance/src/aoa_tracking/build/aoa_tracking
[4.829s] Level 1:colcon.colcon_core.environment:checking '/home/ymrobot/ros2_ws_guidance/src/aoa_tracking/install/aoa_tracking' for CMake module files
[4.829s] Level 1:colcon.colcon_core.environment:checking '/home/ymrobot/ros2_ws_guidance/src/aoa_tracking/install/aoa_tracking' for CMake config files
[4.829s] Level 1:colcon.colcon_core.shell:create_environment_hook('aoa_tracking', 'cmake_prefix_path')
[4.829s] INFO:colcon.colcon_core.shell:Creating environment hook '/home/ymrobot/ros2_ws_guidance/src/aoa_tracking/install/aoa_tracking/share/aoa_tracking/hook/cmake_prefix_path.ps1'
[4.829s] INFO:colcon.colcon_core.shell:Creating environment descriptor '/home/ymrobot/ros2_ws_guidance/src/aoa_tracking/install/aoa_tracking/share/aoa_tracking/hook/cmake_prefix_path.dsv'
[4.830s] INFO:colcon.colcon_core.shell:Creating environment hook '/home/ymrobot/ros2_ws_guidance/src/aoa_tracking/install/aoa_tracking/share/aoa_tracking/hook/cmake_prefix_path.sh'
[4.830s] Level 1:colcon.colcon_core.environment:checking '/home/ymrobot/ros2_ws_guidance/src/aoa_tracking/install/aoa_tracking/lib'
[4.830s] Level 1:colcon.colcon_core.environment:checking '/home/ymrobot/ros2_ws_guidance/src/aoa_tracking/install/aoa_tracking/bin'
[4.830s] Level 1:colcon.colcon_core.environment:checking '/home/ymrobot/ros2_ws_guidance/src/aoa_tracking/install/aoa_tracking/lib/pkgconfig/aoa_tracking.pc'
[4.830s] Level 1:colcon.colcon_core.environment:checking '/home/ymrobot/ros2_ws_guidance/src/aoa_tracking/install/aoa_tracking/lib/python3.10/site-packages'
[4.831s] Level 1:colcon.colcon_core.environment:checking '/home/ymrobot/ros2_ws_guidance/src/aoa_tracking/install/aoa_tracking/bin'
[4.831s] INFO:colcon.colcon_core.shell:Creating package script '/home/ymrobot/ros2_ws_guidance/src/aoa_tracking/install/aoa_tracking/share/aoa_tracking/package.ps1'
[4.831s] INFO:colcon.colcon_core.shell:Creating package descriptor '/home/ymrobot/ros2_ws_guidance/src/aoa_tracking/install/aoa_tracking/share/aoa_tracking/package.dsv'
[4.831s] INFO:colcon.colcon_core.shell:Creating package script '/home/ymrobot/ros2_ws_guidance/src/aoa_tracking/install/aoa_tracking/share/aoa_tracking/package.sh'
[4.832s] INFO:colcon.colcon_core.shell:Creating package script '/home/ymrobot/ros2_ws_guidance/src/aoa_tracking/install/aoa_tracking/share/aoa_tracking/package.bash'
[4.832s] INFO:colcon.colcon_core.shell:Creating package script '/home/ymrobot/ros2_ws_guidance/src/aoa_tracking/install/aoa_tracking/share/aoa_tracking/package.zsh'
[4.832s] Level 1:colcon.colcon_core.environment:create_file_with_runtime_dependencies(/home/ymrobot/ros2_ws_guidance/src/aoa_tracking/install/aoa_tracking/share/colcon-core/packages/aoa_tracking)
[4.833s] Level 1:colcon.colcon_core.environment:create_environment_scripts_only(aoa_tracking)
[4.833s] Level 1:colcon.colcon_core.environment:checking '/home/ymrobot/ros2_ws_guidance/src/aoa_tracking/install/aoa_tracking' for CMake module files
[4.833s] Level 1:colcon.colcon_core.environment:checking '/home/ymrobot/ros2_ws_guidance/src/aoa_tracking/install/aoa_tracking' for CMake config files
[4.833s] Level 1:colcon.colcon_core.shell:create_environment_hook('aoa_tracking', 'cmake_prefix_path')
[4.833s] INFO:colcon.colcon_core.shell:Creating environment hook '/home/ymrobot/ros2_ws_guidance/src/aoa_tracking/install/aoa_tracking/share/aoa_tracking/hook/cmake_prefix_path.ps1'
[4.833s] INFO:colcon.colcon_core.shell:Creating environment descriptor '/home/ymrobot/ros2_ws_guidance/src/aoa_tracking/install/aoa_tracking/share/aoa_tracking/hook/cmake_prefix_path.dsv'
[4.833s] INFO:colcon.colcon_core.shell:Creating environment hook '/home/ymrobot/ros2_ws_guidance/src/aoa_tracking/install/aoa_tracking/share/aoa_tracking/hook/cmake_prefix_path.sh'
[4.834s] Level 1:colcon.colcon_core.environment:checking '/home/ymrobot/ros2_ws_guidance/src/aoa_tracking/install/aoa_tracking/lib'
[4.834s] Level 1:colcon.colcon_core.environment:checking '/home/ymrobot/ros2_ws_guidance/src/aoa_tracking/install/aoa_tracking/bin'
[4.834s] Level 1:colcon.colcon_core.environment:checking '/home/ymrobot/ros2_ws_guidance/src/aoa_tracking/install/aoa_tracking/lib/pkgconfig/aoa_tracking.pc'
[4.834s] Level 1:colcon.colcon_core.environment:checking '/home/ymrobot/ros2_ws_guidance/src/aoa_tracking/install/aoa_tracking/lib/python3.10/site-packages'
[4.834s] Level 1:colcon.colcon_core.environment:checking '/home/ymrobot/ros2_ws_guidance/src/aoa_tracking/install/aoa_tracking/bin'
[4.834s] INFO:colcon.colcon_core.shell:Creating package script '/home/ymrobot/ros2_ws_guidance/src/aoa_tracking/install/aoa_tracking/share/aoa_tracking/package.ps1'
[4.834s] INFO:colcon.colcon_core.shell:Creating package descriptor '/home/ymrobot/ros2_ws_guidance/src/aoa_tracking/install/aoa_tracking/share/aoa_tracking/package.dsv'
[4.835s] INFO:colcon.colcon_core.shell:Creating package script '/home/ymrobot/ros2_ws_guidance/src/aoa_tracking/install/aoa_tracking/share/aoa_tracking/package.sh'
[4.835s] INFO:colcon.colcon_core.shell:Creating package script '/home/ymrobot/ros2_ws_guidance/src/aoa_tracking/install/aoa_tracking/share/aoa_tracking/package.bash'
[4.835s] INFO:colcon.colcon_core.shell:Creating package script '/home/ymrobot/ros2_ws_guidance/src/aoa_tracking/install/aoa_tracking/share/aoa_tracking/package.zsh'
[4.835s] Level 1:colcon.colcon_core.environment:create_file_with_runtime_dependencies(/home/ymrobot/ros2_ws_guidance/src/aoa_tracking/install/aoa_tracking/share/colcon-core/packages/aoa_tracking)
[4.835s] DEBUG:colcon.colcon_parallel_executor.executor.parallel:closing loop
[4.835s] DEBUG:colcon.colcon_parallel_executor.executor.parallel:loop closed
[4.836s] DEBUG:colcon.colcon_parallel_executor.executor.parallel:run_until_complete finished with '0'
[4.836s] DEBUG:colcon.colcon_core.event_reactor:joining thread
[4.838s] INFO:colcon.colcon_core.plugin_system:Skipping extension 'colcon_notification.desktop_notification.terminal_notifier': Not used on non-Darwin systems
[4.838s] INFO:colcon.colcon_core.plugin_system:Skipping extension 'colcon_notification.desktop_notification.win32': Not used on non-Windows systems
[4.838s] INFO:colcon.colcon_notification.desktop_notification:Sending desktop notification using 'notify2'
[4.853s] DEBUG:colcon.colcon_core.event_reactor:joined thread
[4.853s] INFO:colcon.colcon_core.shell:Creating prefix script '/home/ymrobot/ros2_ws_guidance/src/aoa_tracking/install/local_setup.ps1'
[4.854s] INFO:colcon.colcon_core.shell:Creating prefix util module '/home/ymrobot/ros2_ws_guidance/src/aoa_tracking/install/_local_setup_util_ps1.py'
[4.855s] INFO:colcon.colcon_core.shell:Creating prefix chain script '/home/ymrobot/ros2_ws_guidance/src/aoa_tracking/install/setup.ps1'
[4.856s] INFO:colcon.colcon_core.shell:Creating prefix script '/home/ymrobot/ros2_ws_guidance/src/aoa_tracking/install/local_setup.sh'
[4.856s] INFO:colcon.colcon_core.shell:Creating prefix util module '/home/ymrobot/ros2_ws_guidance/src/aoa_tracking/install/_local_setup_util_sh.py'
[4.856s] INFO:colcon.colcon_core.shell:Creating prefix chain script '/home/ymrobot/ros2_ws_guidance/src/aoa_tracking/install/setup.sh'
[4.858s] INFO:colcon.colcon_core.shell:Creating prefix script '/home/ymrobot/ros2_ws_guidance/src/aoa_tracking/install/local_setup.bash'
[4.858s] INFO:colcon.colcon_core.shell:Creating prefix chain script '/home/ymrobot/ros2_ws_guidance/src/aoa_tracking/install/setup.bash'
[4.860s] INFO:colcon.colcon_core.shell:Creating prefix script '/home/ymrobot/ros2_ws_guidance/src/aoa_tracking/install/local_setup.zsh'
[4.860s] INFO:colcon.colcon_core.shell:Creating prefix chain script '/home/ymrobot/ros2_ws_guidance/src/aoa_tracking/install/setup.zsh'
