In file included from [01m[K/home/ymrobot/ros2_ws_guidance/src/aoa_tracking/src/aoa_tracking_node.cpp:5[m[K:
[01m[K/home/ymrobot/ros2_ws_guidance/src/aoa_tracking/include/aoa_tracking/aoa_tracking_node.hpp:20:23:[m[K [01;31m[Kerror: [m[Kexpected ‘[01m[K;[m[K’ at end of member declaration
   20 |       bool InitSerial([01;31m[K)[m[K；
      |                       [01;31m[K^[m[K
      |                        [32m[K;[m[K
[01m[K/home/ymrobot/ros2_ws_guidance/src/aoa_tracking/include/aoa_tracking/aoa_tracking_node.hpp:20:24:[m[K [01;31m[Kerror: [m[K‘[01m[K；[m[K’ does not name a type
   20 |       bool InitSerial()[01;31m[K；[m[K
      |                        [01;31m[K^~[m[K
[01m[K/home/ymrobot/ros2_ws_guidance/src/aoa_tracking/src/aoa_tracking_node.cpp:[m[K In constructor ‘[01m[Kymrobot::AoaTracking::AoaTracking()[m[K’:
[01m[K/home/ymrobot/ros2_ws_guidance/src/aoa_tracking/src/aoa_tracking_node.cpp:16:5:[m[K [01;31m[Kerror: [m[Kexpected ‘[01m[K;[m[K’ before ‘[01m[K}[m[K’ token
   16 |     [01;31m[K}[m[K
      |     [01;31m[K^[m[K
[01m[K/home/ymrobot/ros2_ws_guidance/src/aoa_tracking/src/aoa_tracking_node.cpp:[m[K In member function ‘[01m[Kvoid ymrobot::AoaTracking::chissis_status_callback(const CloudChassisStatus&)[m[K’:
[01m[K/home/ymrobot/ros2_ws_guidance/src/aoa_tracking/src/aoa_tracking_node.cpp:38:19:[m[K [01;31m[Kerror: [m[K‘[01m[KprocessSerial1Data[m[K’ was not declared in this scope
   38 |                   [01;31m[KprocessSerial1Data[m[K(buffer.data(), bytes_read);
      |                   [01;31m[K^~~~~~~~~~~~~~~~~~[m[K
[01m[K/home/ymrobot/ros2_ws_guidance/src/aoa_tracking/src/aoa_tracking_node.cpp:[m[K At global scope:
[01m[K/home/ymrobot/ros2_ws_guidance/src/aoa_tracking/src/aoa_tracking_node.cpp:75:8:[m[K [01;31m[Kerror: [m[Kno declaration matches ‘[01m[Kvoid ymrobot::AoaTracking::processSerial1Data(const uint8_t*, size_t)[m[K’
   75 |   void [01;31m[KAoaTracking[m[K::processSerial1Data(const uint8_t* data, size_t length)
      |        [01;31m[K^~~~~~~~~~~[m[K
[01m[K/home/ymrobot/ros2_ws_guidance/src/aoa_tracking/src/aoa_tracking_node.cpp:75:8:[m[K [01;36m[Knote: [m[Kno functions named ‘[01m[Kvoid ymrobot::AoaTracking::processSerial1Data(const uint8_t*, size_t)[m[K’
In file included from [01m[K/home/ymrobot/ros2_ws_guidance/src/aoa_tracking/src/aoa_tracking_node.cpp:5[m[K:
[01m[K/home/ymrobot/ros2_ws_guidance/src/aoa_tracking/include/aoa_tracking/aoa_tracking_node.hpp:13:9:[m[K [01;36m[Knote: [m[K‘[01m[Kclass ymrobot::AoaTracking[m[K’ defined here
   13 |   class [01;36m[KAoaTracking[m[K : public rclcpp::Node
      |         [01;36m[K^~~~~~~~~~~[m[K
gmake[2]: *** [CMakeFiles/aoa_tracking_node.dir/build.make:76：CMakeFiles/aoa_tracking_node.dir/src/aoa_tracking_node.cpp.o] 错误 1
gmake[1]: *** [CMakeFiles/Makefile2:137：CMakeFiles/aoa_tracking_node.dir/all] 错误 2
gmake: *** [Makefile:146：all] 错误 2
