[0.009s] Invoking command in '/home/ymrobot/ros2_ws_guidance/src/aoa_tracking/build/aoa_tracking': CMAKE_PREFIX_PATH=${CMAKE_PREFIX_PATH}:/home/ymrobot/ros2_ws_guidance/install/play_mp3_action:/home/ymrobot/ros2_ws_guidance/install/aud_conver:/home/ymrobot/ros2_ws_guidance/install/ymbot_xiaoxue_description:/home/ymrobot/ros2_ws_guidance/install/pedestrian_detector_node:/home/ymrobot/ros2_ws_guidance/install/log_uploader_node:/opt/ros/humble /usr/bin/cmake --build /home/ymrobot/ros2_ws_guidance/src/aoa_tracking/build/aoa_tracking -- -j20 -l20
[0.039s] [35m[1mConsolidate compiler generated dependencies of target aoa_tracking_node[0m
[0.055s] [ 50%] [32mBuilding CXX object CMakeFiles/aoa_tracking_node.dir/src/aoa_tracking_node.cpp.o[0m
[1.237s] In file included from [01m[K/home/ymrobot/ros2_ws_guidance/src/aoa_tracking/src/aoa_tracking_node.cpp:5[m[K:
[1.237s] [01m[K/home/ymrobot/ros2_ws_guidance/src/aoa_tracking/include/aoa_tracking/aoa_tracking_node.hpp:20:23:[m[K [01;31m[Kerror: [m[Kexpected ‘[01m[K;[m[K’ at end of member declaration
[1.237s]    20 |       bool InitSerial([01;31m[K)[m[K；
[1.237s]       |                       [01;31m[K^[m[K
[1.237s]       |                        [32m[K;[m[K
[1.238s] [01m[K/home/ymrobot/ros2_ws_guidance/src/aoa_tracking/include/aoa_tracking/aoa_tracking_node.hpp:20:24:[m[K [01;31m[Kerror: [m[K‘[01m[K；[m[K’ does not name a type
[1.238s]    20 |       bool InitSerial()[01;31m[K；[m[K
[1.238s]       |                        [01;31m[K^~[m[K
[1.260s] [01m[K/home/ymrobot/ros2_ws_guidance/src/aoa_tracking/src/aoa_tracking_node.cpp:[m[K In constructor ‘[01m[Kymrobot::AoaTracking::AoaTracking()[m[K’:
[1.261s] [01m[K/home/ymrobot/ros2_ws_guidance/src/aoa_tracking/src/aoa_tracking_node.cpp:16:5:[m[K [01;31m[Kerror: [m[Kexpected ‘[01m[K;[m[K’ before ‘[01m[K}[m[K’ token
[1.261s]    16 |     [01;31m[K}[m[K
[1.261s]       |     [01;31m[K^[m[K
[1.271s] [01m[K/home/ymrobot/ros2_ws_guidance/src/aoa_tracking/src/aoa_tracking_node.cpp:[m[K In member function ‘[01m[Kvoid ymrobot::AoaTracking::chissis_status_callback(const CloudChassisStatus&)[m[K’:
[1.271s] [01m[K/home/ymrobot/ros2_ws_guidance/src/aoa_tracking/src/aoa_tracking_node.cpp:38:19:[m[K [01;31m[Kerror: [m[K‘[01m[KprocessSerial1Data[m[K’ was not declared in this scope
[1.271s]    38 |                   [01;31m[KprocessSerial1Data[m[K(buffer.data(), bytes_read);
[1.271s]       |                   [01;31m[K^~~~~~~~~~~~~~~~~~[m[K
[1.273s] [01m[K/home/ymrobot/ros2_ws_guidance/src/aoa_tracking/src/aoa_tracking_node.cpp:[m[K At global scope:
[1.273s] [01m[K/home/ymrobot/ros2_ws_guidance/src/aoa_tracking/src/aoa_tracking_node.cpp:75:8:[m[K [01;31m[Kerror: [m[Kno declaration matches ‘[01m[Kvoid ymrobot::AoaTracking::processSerial1Data(const uint8_t*, size_t)[m[K’
[1.273s]    75 |   void [01;31m[KAoaTracking[m[K::processSerial1Data(const uint8_t* data, size_t length)
[1.273s]       |        [01;31m[K^~~~~~~~~~~[m[K
[1.273s] [01m[K/home/ymrobot/ros2_ws_guidance/src/aoa_tracking/src/aoa_tracking_node.cpp:75:8:[m[K [01;36m[Knote: [m[Kno functions named ‘[01m[Kvoid ymrobot::AoaTracking::processSerial1Data(const uint8_t*, size_t)[m[K’
[1.273s] In file included from [01m[K/home/ymrobot/ros2_ws_guidance/src/aoa_tracking/src/aoa_tracking_node.cpp:5[m[K:
[1.273s] [01m[K/home/ymrobot/ros2_ws_guidance/src/aoa_tracking/include/aoa_tracking/aoa_tracking_node.hpp:13:9:[m[K [01;36m[Knote: [m[K‘[01m[Kclass ymrobot::AoaTracking[m[K’ defined here
[1.273s]    13 |   class [01;36m[KAoaTracking[m[K : public rclcpp::Node
[1.273s]       |         [01;36m[K^~~~~~~~~~~[m[K
[2.559s] gmake[2]: *** [CMakeFiles/aoa_tracking_node.dir/build.make:76：CMakeFiles/aoa_tracking_node.dir/src/aoa_tracking_node.cpp.o] 错误 1
[2.559s] gmake[1]: *** [CMakeFiles/Makefile2:137：CMakeFiles/aoa_tracking_node.dir/all] 错误 2
[2.560s] gmake: *** [Makefile:146：all] 错误 2
[2.562s] Invoked command in '/home/ymrobot/ros2_ws_guidance/src/aoa_tracking/build/aoa_tracking' returned '2': CMAKE_PREFIX_PATH=${CMAKE_PREFIX_PATH}:/home/ymrobot/ros2_ws_guidance/install/play_mp3_action:/home/ymrobot/ros2_ws_guidance/install/aud_conver:/home/ymrobot/ros2_ws_guidance/install/ymbot_xiaoxue_description:/home/ymrobot/ros2_ws_guidance/install/pedestrian_detector_node:/home/ymrobot/ros2_ws_guidance/install/log_uploader_node:/opt/ros/humble /usr/bin/cmake --build /home/ymrobot/ros2_ws_guidance/src/aoa_tracking/build/aoa_tracking -- -j20 -l20
