[01m[K/home/ymrobot/ros2_ws_guidance/src/aoa_tracking/src/aoa_tracking_node.cpp:[m[K In function ‘[01m[Kvoid ymrobot::processSerial1Data(const uint8_t*, size_t)[m[K’:
[01m[K/home/ymrobot/ros2_ws_guidance/src/aoa_tracking/src/aoa_tracking_node.cpp:77:36:[m[K [01;31m[Kerror: [m[K‘[01m[KisValidFrame[m[K’ was not declared in this scope
   77 |         if (!last_frame.empty() && [01;31m[KisValidFrame[m[K(last_frame)) {
      |                                    [01;31m[K^~~~~~~~~~~~[m[K
[01m[K/home/ymrobot/ros2_ws_guidance/src/aoa_tracking/src/aoa_tracking_node.cpp:78:13:[m[K [01;31m[Kerror: [m[K‘[01m[KprocessSingleFrame[m[K’ was not declared in this scope
   78 |             [01;31m[KprocessSingleFrame[m[K(last_frame);
      |             [01;31m[K^~~~~~~~~~~~~~~~~~[m[K
[01m[K/home/ymrobot/ros2_ws_guidance/src/aoa_tracking/src/aoa_tracking_node.cpp:[m[K At global scope:
[01m[K/home/ymrobot/ros2_ws_guidance/src/aoa_tracking/src/aoa_tracking_node.cpp:110:8:[m[K [01;31m[Kerror: [m[Kno declaration matches ‘[01m[Kbool ymrobot::AoaTracking::isValidFrame(const string&)[m[K’
  110 |   bool [01;31m[KAoaTracking[m[K::isValidFrame(const std::string& frame)
      |        [01;31m[K^~~~~~~~~~~[m[K
In file included from [01m[K/home/ymrobot/ros2_ws_guidance/src/aoa_tracking/src/aoa_tracking_node.cpp:5[m[K:
[01m[K/home/ymrobot/ros2_ws_guidance/src/aoa_tracking/include/aoa_tracking/aoa_tracking_node.hpp:22:12:[m[K [01;36m[Knote: [m[Kcandidate is: ‘[01m[Kvoid ymrobot::AoaTracking::isValidFrame(const string&)[m[K’
   22 |       void [01;36m[KisValidFrame[m[K(const std::string& frame);
      |            [01;36m[K^~~~~~~~~~~~[m[K
[01m[K/home/ymrobot/ros2_ws_guidance/src/aoa_tracking/include/aoa_tracking/aoa_tracking_node.hpp:13:9:[m[K [01;36m[Knote: [m[K‘[01m[Kclass ymrobot::AoaTracking[m[K’ defined here
   13 |   class [01;36m[KAoaTracking[m[K : public rclcpp::Node
      |         [01;36m[K^~~~~~~~~~~[m[K
[01m[K/home/ymrobot/ros2_ws_guidance/src/aoa_tracking/src/aoa_tracking_node.cpp:[m[K In member function ‘[01m[Kvoid ymrobot::AoaTracking::processSingleFrame(const string&)[m[K’:
[01m[K/home/ymrobot/ros2_ws_guidance/src/aoa_tracking/src/aoa_tracking_node.cpp:158:33:[m[K [01;31m[Kerror: [m[K‘[01m[KbytesToUInt32[m[K’ was not declared in this scope
  158 |         uint32_t distance_raw = [01;31m[KbytesToUInt32[m[K(&frame_data[16], true);
      |                                 [01;31m[K^~~~~~~~~~~~~[m[K
[01m[K/home/ymrobot/ros2_ws_guidance/src/aoa_tracking/src/aoa_tracking_node.cpp:162:31:[m[K [01;31m[Kerror: [m[K‘[01m[KbytesToInt16[m[K’ was not declared in this scope
  162 |         int16_t azimuth_raw = [01;31m[KbytesToInt16[m[K(&frame_data[20], true);
      |                               [01;31m[K^~~~~~~~~~~~[m[K
gmake[2]: *** [CMakeFiles/aoa_tracking_node.dir/build.make:76：CMakeFiles/aoa_tracking_node.dir/src/aoa_tracking_node.cpp.o] 错误 1
gmake[1]: *** [CMakeFiles/Makefile2:137：CMakeFiles/aoa_tracking_node.dir/all] 错误 2
gmake: *** [Makefile:146：all] 错误 2
