[35m[1mConsolidate compiler generated dependencies of target aoa_tracking_node[0m
[ 50%] [32mBuilding CXX object CMakeFiles/aoa_tracking_node.dir/src/aoa_tracking_node.cpp.o[0m
[100%] [32m[1mLinking CXX executable aoa_tracking_node[0m
[100%] Built target aoa_tracking_node
-- Install configuration: ""
-- Installing: /home/ymrobot/ros2_ws_guidance/src/aoa_tracking/install/aoa_tracking/lib/aoa_tracking/aoa_tracking_node
-- Set runtime path of "/home/ymrobot/ros2_ws_guidance/src/aoa_tracking/install/aoa_tracking/lib/aoa_tracking/aoa_tracking_node" to ""
-- Up-to-date: /home/ymrobot/ros2_ws_guidance/src/aoa_tracking/install/aoa_tracking/share/ament_index/resource_index/package_run_dependencies/aoa_tracking
-- Installing: /home/ymrobot/ros2_ws_guidance/src/aoa_tracking/install/aoa_tracking/share/ament_index/resource_index/parent_prefix_path/aoa_tracking
-- Up-to-date: /home/ymrobot/ros2_ws_guidance/src/aoa_tracking/install/aoa_tracking/share/aoa_tracking/environment/ament_prefix_path.sh
-- Installing: /home/ymrobot/ros2_ws_guidance/src/aoa_tracking/install/aoa_tracking/share/aoa_tracking/environment/ament_prefix_path.dsv
-- Up-to-date: /home/ymrobot/ros2_ws_guidance/src/aoa_tracking/install/aoa_tracking/share/aoa_tracking/environment/path.sh
-- Installing: /home/ymrobot/ros2_ws_guidance/src/aoa_tracking/install/aoa_tracking/share/aoa_tracking/environment/path.dsv
-- Up-to-date: /home/ymrobot/ros2_ws_guidance/src/aoa_tracking/install/aoa_tracking/share/aoa_tracking/local_setup.bash
-- Up-to-date: /home/ymrobot/ros2_ws_guidance/src/aoa_tracking/install/aoa_tracking/share/aoa_tracking/local_setup.sh
-- Up-to-date: /home/ymrobot/ros2_ws_guidance/src/aoa_tracking/install/aoa_tracking/share/aoa_tracking/local_setup.zsh
-- Installing: /home/ymrobot/ros2_ws_guidance/src/aoa_tracking/install/aoa_tracking/share/aoa_tracking/local_setup.dsv
-- Installing: /home/ymrobot/ros2_ws_guidance/src/aoa_tracking/install/aoa_tracking/share/aoa_tracking/package.dsv
-- Up-to-date: /home/ymrobot/ros2_ws_guidance/src/aoa_tracking/install/aoa_tracking/share/ament_index/resource_index/packages/aoa_tracking
-- Up-to-date: /home/ymrobot/ros2_ws_guidance/src/aoa_tracking/install/aoa_tracking/share/aoa_tracking/cmake/aoa_trackingConfig.cmake
-- Up-to-date: /home/ymrobot/ros2_ws_guidance/src/aoa_tracking/install/aoa_tracking/share/aoa_tracking/cmake/aoa_trackingConfig-version.cmake
-- Up-to-date: /home/ymrobot/ros2_ws_guidance/src/aoa_tracking/install/aoa_tracking/share/aoa_tracking/package.xml
