-- Found ament_cmake: 1.3.12 (/opt/ros/humble/share/ament_cmake/cmake)
-- Found rclcpp: 16.0.14 (/opt/ros/humble/share/rclcpp/cmake)
-- Found rosidl_generator_c: 3.1.7 (/opt/ros/humble/share/rosidl_generator_c/cmake)
-- Found rosidl_adapter: 3.1.7 (/opt/ros/humble/share/rosidl_adapter/cmake)
-- Found rosidl_generator_cpp: 3.1.7 (/opt/ros/humble/share/rosidl_generator_cpp/cmake)
-- Using all available rosidl_typesupport_c: rosidl_typesupport_fastrtps_c;rosidl_typesupport_introspection_c
-- Using all available rosidl_typesupport_cpp: rosidl_typesupport_fastrtps_cpp;rosidl_typesupport_introspection_cpp
-- Found rmw_implementation_cmake: 6.1.2 (/opt/ros/humble/share/rmw_implementation_cmake/cmake)
-- Found rmw_fastrtps_cpp: 6.2.8 (/opt/ros/humble/share/rmw_fastrtps_cpp/cmake)
-- Using RMW implementation 'rmw_fastrtps_cpp' as default
-- Found ymrobot_msgs: 0.0.0 (/home/ymrobot/ros2_ws_guidance/install/ymrobot_msgs/share/ymrobot_msgs/cmake)
-- Found serial: 1.2.1 (/usr/local/share/serial/cmake)
-- Found ament_lint_auto: 0.12.14 (/opt/ros/humble/share/ament_lint_auto/cmake)
-- Added test 'cppcheck' to perform static code analysis on C / C++ code
-- Configured cppcheck include dirs: /home/ymrobot/ros2_ws_guidance/src/aoa_tracking/include/aoa_tracking
-- Configured cppcheck exclude dirs and/or files: 
-- Added test 'flake8' to check Python code syntax and style conventions
-- Added test 'lint_cmake' to check CMake code style
-- Added test 'pep257' to check Python code against some of the docstring style conventions in PEP 257
-- Added test 'uncrustify' to check C / C++ code style
-- Configured uncrustify additional arguments: 
-- Added test 'xmllint' to check XML markup files
-- Configuring done
-- Generating done
-- Build files have been written to: /home/ymrobot/ros2_ws_guidance/src/aoa_tracking/build/aoa_tracking
[35m[1mConsolidate compiler generated dependencies of target aoa_tracking_node[0m
[ 50%] [32mBuilding CXX object CMakeFiles/aoa_tracking_node.dir/src/aoa_tracking_node.cpp.o[0m
[01m[K/home/ymrobot/ros2_ws_guidance/src/aoa_tracking/src/aoa_tracking_node.cpp:[m[K In constructor ‘[01m[Kymrobot::AoaTracking::AoaTracking()[m[K’:
[01m[K/home/ymrobot/ros2_ws_guidance/src/aoa_tracking/src/aoa_tracking_node.cpp:16:61:[m[K [01;31m[Kerror: [m[Kcannot bind non-const lvalue reference of type ‘[01m[Kserial::Timeout&[m[K’ to an rvalue of type ‘[01m[Kserial::Timeout[m[K’
   16 |           serial1_.setTimeout([01;31m[Kserial::Timeout::simpleTimeout(1000)[m[K);
      |                               [01;31m[K~~~~~~~~~~~~~~~~~~~~~~~~~~~~~~^~~~~~[m[K
In file included from [01m[K/home/ymrobot/ros2_ws_guidance/src/aoa_tracking/include/aoa_tracking/aoa_tracking_node.hpp:5[m[K,
                 from [01m[K/home/ymrobot/ros2_ws_guidance/src/aoa_tracking/src/aoa_tracking_node.cpp:5[m[K:
[01m[K/usr/local/include/serial/serial.h:461:24:[m[K [01;36m[Knote: [m[K  initializing argument 1 of ‘[01m[Kvoid serial::Serial::setTimeout(serial::Timeout&)[m[K’
  461 |   setTimeout ([01;36m[KTimeout &timeout[m[K);
      |               [01;36m[K~~~~~~~~~^~~~~~~[m[K
[01m[K/home/ymrobot/ros2_ws_guidance/src/aoa_tracking/src/aoa_tracking_node.cpp:25:61:[m[K [01;31m[Kerror: [m[Kcannot bind non-const lvalue reference of type ‘[01m[Kserial::Timeout&[m[K’ to an rvalue of type ‘[01m[Kserial::Timeout[m[K’
   25 |           serial2_.setTimeout([01;31m[Kserial::Timeout::simpleTimeout(1000)[m[K);
      |                               [01;31m[K~~~~~~~~~~~~~~~~~~~~~~~~~~~~~~^~~~~~[m[K
In file included from [01m[K/home/ymrobot/ros2_ws_guidance/src/aoa_tracking/include/aoa_tracking/aoa_tracking_node.hpp:5[m[K,
                 from [01m[K/home/ymrobot/ros2_ws_guidance/src/aoa_tracking/src/aoa_tracking_node.cpp:5[m[K:
[01m[K/usr/local/include/serial/serial.h:461:24:[m[K [01;36m[Knote: [m[K  initializing argument 1 of ‘[01m[Kvoid serial::Serial::setTimeout(serial::Timeout&)[m[K’
  461 |   setTimeout ([01;36m[KTimeout &timeout[m[K);
      |               [01;36m[K~~~~~~~~~^~~~~~~[m[K
In file included from [01m[K/opt/ros/humble/include/rclcpp/rclcpp/client.hpp:40[m[K,
                 from [01m[K/opt/ros/humble/include/rclcpp/rclcpp/callback_group.hpp:24[m[K,
                 from [01m[K/opt/ros/humble/include/rclcpp/rclcpp/any_executable.hpp:20[m[K,
                 from [01m[K/opt/ros/humble/include/rclcpp/rclcpp/memory_strategy.hpp:25[m[K,
                 from [01m[K/opt/ros/humble/include/rclcpp/rclcpp/memory_strategies.hpp:18[m[K,
                 from [01m[K/opt/ros/humble/include/rclcpp/rclcpp/executor_options.hpp:20[m[K,
                 from [01m[K/opt/ros/humble/include/rclcpp/rclcpp/executor.hpp:37[m[K,
                 from [01m[K/opt/ros/humble/include/rclcpp/rclcpp/executors/multi_threaded_executor.hpp:25[m[K,
                 from [01m[K/opt/ros/humble/include/rclcpp/rclcpp/executors.hpp:21[m[K,
                 from [01m[K/opt/ros/humble/include/rclcpp/rclcpp/rclcpp.hpp:155[m[K,
                 from [01m[K/home/ymrobot/ros2_ws_guidance/src/aoa_tracking/include/aoa_tracking/aoa_tracking_node.hpp:7[m[K,
                 from [01m[K/home/ymrobot/ros2_ws_guidance/src/aoa_tracking/src/aoa_tracking_node.cpp:5[m[K:
[01m[K/home/ymrobot/ros2_ws_guidance/src/aoa_tracking/src/aoa_tracking_node.cpp:[m[K In function ‘[01m[Kvoid ymrobot::processSerial1Data(const uint8_t*, size_t)[m[K’:
[01m[K/home/ymrobot/ros2_ws_guidance/src/aoa_tracking/src/aoa_tracking_node.cpp:67:21:[m[K [01;31m[Kerror: [m[Kinvalid use of ‘[01m[Kthis[m[K’ in non-member function
   67 |         RCLCPP_INFO([01;31m[Kthis[m[K->get_logger(), "Serial1 received: %s", received_data.c_str());
      |                     [01;31m[K^~~~[m[K
[01m[K/home/ymrobot/ros2_ws_guidance/src/aoa_tracking/src/aoa_tracking_node.cpp:67:21:[m[K [01;31m[Kerror: [m[Kinvalid use of ‘[01m[Kthis[m[K’ in non-member function
[01m[K/home/ymrobot/ros2_ws_guidance/src/aoa_tracking/src/aoa_tracking_node.cpp:67:9:[m[K [01;31m[Kerror: [m[Ktemplate argument 1 is invalid
   67 |         [01;31m[KRCLCPP_INFO[m[K(this->get_logger(), "Serial1 received: %s", received_data.c_str());
      |         [01;31m[K^~~~~~~~~~~[m[K
[01m[K/home/ymrobot/ros2_ws_guidance/src/aoa_tracking/src/aoa_tracking_node.cpp:67:9:[m[K [01;31m[Kerror: [m[Ktemplate argument 1 is invalid
   67 |         [01;31m[KRCLCPP_INFO[m[K(this->get_logger(), "Serial1 received: %s", received_data.c_str());
      |         [01;31m[K^~~~~~~~~~~[m[K
[01m[K/home/ymrobot/ros2_ws_guidance/src/aoa_tracking/src/aoa_tracking_node.cpp:67:9:[m[K [01;31m[Kerror: [m[Ktemplate argument 1 is invalid
   67 |         [01;31m[KRCLCPP_INFO[m[K(this->get_logger(), "Serial1 received: %s", received_data.c_str());
      |         [01;31m[K^~~~~~~~~~~[m[K
In file included from [01m[K/opt/ros/humble/include/rclcpp/rclcpp/logging.hpp:24[m[K,
                 from [01m[K/opt/ros/humble/include/rclcpp/rclcpp/client.hpp:40[m[K,
                 from [01m[K/opt/ros/humble/include/rclcpp/rclcpp/callback_group.hpp:24[m[K,
                 from [01m[K/opt/ros/humble/include/rclcpp/rclcpp/any_executable.hpp:20[m[K,
                 from [01m[K/opt/ros/humble/include/rclcpp/rclcpp/memory_strategy.hpp:25[m[K,
                 from [01m[K/opt/ros/humble/include/rclcpp/rclcpp/memory_strategies.hpp:18[m[K,
                 from [01m[K/opt/ros/humble/include/rclcpp/rclcpp/executor_options.hpp:20[m[K,
                 from [01m[K/opt/ros/humble/include/rclcpp/rclcpp/executor.hpp:37[m[K,
                 from [01m[K/opt/ros/humble/include/rclcpp/rclcpp/executors/multi_threaded_executor.hpp:25[m[K,
                 from [01m[K/opt/ros/humble/include/rclcpp/rclcpp/executors.hpp:21[m[K,
                 from [01m[K/opt/ros/humble/include/rclcpp/rclcpp/rclcpp.hpp:155[m[K,
                 from [01m[K/home/ymrobot/ros2_ws_guidance/src/aoa_tracking/include/aoa_tracking/aoa_tracking_node.hpp:7[m[K,
                 from [01m[K/home/ymrobot/ros2_ws_guidance/src/aoa_tracking/src/aoa_tracking_node.cpp:5[m[K:
[01m[K/home/ymrobot/ros2_ws_guidance/src/aoa_tracking/src/aoa_tracking_node.cpp:67:21:[m[K [01;31m[Kerror: [m[Kinvalid use of ‘[01m[Kthis[m[K’ in non-member function
   67 |         RCLCPP_INFO([01;31m[Kthis[m[K->get_logger(), "Serial1 received: %s", received_data.c_str());
      |                     [01;31m[K^~~~[m[K
[01m[K/home/ymrobot/ros2_ws_guidance/src/aoa_tracking/src/aoa_tracking_node.cpp:67:21:[m[K [01;31m[Kerror: [m[Kinvalid use of ‘[01m[Kthis[m[K’ in non-member function
   67 |         RCLCPP_INFO([01;31m[Kthis[m[K->get_logger(), "Serial1 received: %s", received_data.c_str());
      |                     [01;31m[K^~~~[m[K
gmake[2]: *** [CMakeFiles/aoa_tracking_node.dir/build.make:76：CMakeFiles/aoa_tracking_node.dir/src/aoa_tracking_node.cpp.o] 错误 1
gmake[1]: *** [CMakeFiles/Makefile2:137：CMakeFiles/aoa_tracking_node.dir/all] 错误 2
gmake: *** [Makefile:146：all] 错误 2
