In file included from [01m[K/home/ymrobot/ros2_ws_guidance/src/aoa_tracking/src/aoa_tracking_node.cpp:5[m[K:
[01m[K/home/ymrobot/ros2_ws_guidance/src/aoa_tracking/include/aoa_tracking/aoa_tracking_node.hpp:36:25:[m[K [01;31m[Kerror: [m[K‘[01m[Kymrobot_msg[m[K’ was not declared in this scope; did you mean ‘[01m[Kymrobot_msgs[m[K’?
   36 |       rclcpp::Publisher<[01;31m[Kymrobot_msg[m[K::msg::AoaPosition>::SharedPtr publisher_;
      |                         [01;31m[K^~~~~~~~~~~[m[K
      |                         [32m[Kymrobot_msgs[m[K
[01m[K/home/ymrobot/ros2_ws_guidance/src/aoa_tracking/include/aoa_tracking/aoa_tracking_node.hpp:36:54:[m[K [01;31m[Kerror: [m[Ktemplate argument 1 is invalid
   36 |       rclcpp::Publisher<ymrobot_msg::msg::AoaPosition[01;31m[K>[m[K::SharedPtr publisher_;
      |                                                      [01;31m[K^[m[K
[01m[K/home/ymrobot/ros2_ws_guidance/src/aoa_tracking/include/aoa_tracking/aoa_tracking_node.hpp:36:57:[m[K [01;31m[Kerror: [m[Kexpected ‘[01m[K;[m[K’ at end of member declaration
   36 |       rclcpp::Publisher<ymrobot_msg::msg::AoaPosition>::[01;31m[KSharedPtr[m[K publisher_;
      |                                                         [01;31m[K^~~~~~~~~[m[K
      |                                                                  [32m[K;[m[K
[01m[K/home/ymrobot/ros2_ws_guidance/src/aoa_tracking/include/aoa_tracking/aoa_tracking_node.hpp:36:67:[m[K [01;31m[Kerror: [m[K‘[01m[Kpublisher_[m[K’ does not name a type; did you mean ‘[01m[Krmw_publisher_t[m[K’?
   36 |       rclcpp::Publisher<ymrobot_msg::msg::AoaPosition>::SharedPtr [01;31m[Kpublisher_[m[K;
      |                                                                   [01;31m[K^~~~~~~~~~[m[K
      |                                                                   [32m[Krmw_publisher_t[m[K
[01m[K/home/ymrobot/ros2_ws_guidance/src/aoa_tracking/src/aoa_tracking_node.cpp:[m[K In member function ‘[01m[Kvoid ymrobot::AoaTracking::processSingleFrame(const string&)[m[K’:
[01m[K/home/ymrobot/ros2_ws_guidance/src/aoa_tracking/src/aoa_tracking_node.cpp:177:22:[m[K [01;31m[Kerror: [m[Kexpected initializer before ‘[01m[Kymrobot_msg[m[K’
  177 |         auto aoa_msg [01;31m[Kymrobot_msg[m[K::msg::AoaPosition();
      |                      [01;31m[K^~~~~~~~~~~[m[K
[01m[K/home/ymrobot/ros2_ws_guidance/src/aoa_tracking/src/aoa_tracking_node.cpp:178:9:[m[K [01;31m[Kerror: [m[K‘[01m[Kaoa_msg[m[K’ was not declared in this scope
  178 |         [01;31m[Kaoa_msg[m[K.x = relative_x;
      |         [01;31m[K^~~~~~~[m[K
[01m[K/home/ymrobot/ros2_ws_guidance/src/aoa_tracking/src/aoa_tracking_node.cpp:180:23:[m[K [01;31m[Kerror: [m[K‘[01m[Kyaw[m[K’ was not declared in this scope
  180 |         aoa_msg.yaw = [01;31m[Kyaw[m[K;
      |                       [01;31m[K^~~[m[K
[01m[K/home/ymrobot/ros2_ws_guidance/src/aoa_tracking/src/aoa_tracking_node.cpp:181:9:[m[K [01;31m[Kerror: [m[K‘[01m[Kpublisher_[m[K’ was not declared in this scope; did you mean ‘[01m[Krmw_publisher_t[m[K’?
  181 |         [01;31m[Kpublisher_[m[K->publish(aoa_msg);
      |         [01;31m[K^~~~~~~~~~[m[K
      |         [32m[Krmw_publisher_t[m[K
gmake[2]: *** [CMakeFiles/aoa_tracking_node.dir/build.make:76：CMakeFiles/aoa_tracking_node.dir/src/aoa_tracking_node.cpp.o] 错误 1
gmake[1]: *** [CMakeFiles/Makefile2:137：CMakeFiles/aoa_tracking_node.dir/all] 错误 2
gmake: *** [Makefile:146：all] 错误 2
