-- Found ament_cmake: 1.3.12 (/opt/ros/humble/share/ament_cmake/cmake)
-- Found rclcpp: 16.0.14 (/opt/ros/humble/share/rclcpp/cmake)
-- Found rosidl_generator_c: 3.1.7 (/opt/ros/humble/share/rosidl_generator_c/cmake)
-- Found rosidl_adapter: 3.1.7 (/opt/ros/humble/share/rosidl_adapter/cmake)
-- Found rosidl_generator_cpp: 3.1.7 (/opt/ros/humble/share/rosidl_generator_cpp/cmake)
-- Using all available rosidl_typesupport_c: rosidl_typesupport_fastrtps_c;rosidl_typesupport_introspection_c
-- Using all available rosidl_typesupport_cpp: rosidl_typesupport_fastrtps_cpp;rosidl_typesupport_introspection_cpp
-- Found rmw_implementation_cmake: 6.1.2 (/opt/ros/humble/share/rmw_implementation_cmake/cmake)
-- Found rmw_fastrtps_cpp: 6.2.8 (/opt/ros/humble/share/rmw_fastrtps_cpp/cmake)
-- Using RMW implementation 'rmw_fastrtps_cpp' as default
-- Found ymrobot_msgs: 0.0.0 (/home/ymrobot/ros2_ws_guidance/install/ymrobot_msgs/share/ymrobot_msgs/cmake)
-- Found serial: 1.2.1 (/usr/local/share/serial/cmake)
-- Found ament_lint_auto: 0.12.14 (/opt/ros/humble/share/ament_lint_auto/cmake)
-- Added test 'cppcheck' to perform static code analysis on C / C++ code
-- Configured cppcheck include dirs: /home/ymrobot/ros2_ws_guidance/src/aoa_tracking/include/aoa_tracking
-- Configured cppcheck exclude dirs and/or files: 
-- Added test 'flake8' to check Python code syntax and style conventions
-- Added test 'lint_cmake' to check CMake code style
-- Added test 'pep257' to check Python code against some of the docstring style conventions in PEP 257
-- Added test 'uncrustify' to check C / C++ code style
-- Configured uncrustify additional arguments: 
-- Added test 'xmllint' to check XML markup files
-- Configuring done
-- Generating done
-- Build files have been written to: /home/ymrobot/ros2_ws_guidance/src/aoa_tracking/build/aoa_tracking
[35m[1mConsolidate compiler generated dependencies of target aoa_tracking_node[0m
[ 50%] [32mBuilding CXX object CMakeFiles/aoa_tracking_node.dir/src/aoa_tracking_node.cpp.o[0m
In file included from [01m[K/home/ymrobot/ros2_ws_guidance/src/aoa_tracking/src/aoa_tracking_node.cpp:5[m[K:
[01m[K/home/ymrobot/ros2_ws_guidance/src/aoa_tracking/include/aoa_tracking/aoa_tracking_node.hpp:36:25:[m[K [01;31m[Kerror: [m[K‘[01m[Kymrobot_msg[m[K’ was not declared in this scope; did you mean ‘[01m[Kymrobot_msgs[m[K’?
   36 |       rclcpp::Publisher<[01;31m[Kymrobot_msg[m[K::msg::AoaPosition>::SharedPtr publisher_;
      |                         [01;31m[K^~~~~~~~~~~[m[K
      |                         [32m[Kymrobot_msgs[m[K
[01m[K/home/ymrobot/ros2_ws_guidance/src/aoa_tracking/include/aoa_tracking/aoa_tracking_node.hpp:36:54:[m[K [01;31m[Kerror: [m[Ktemplate argument 1 is invalid
   36 |       rclcpp::Publisher<ymrobot_msg::msg::AoaPosition[01;31m[K>[m[K::SharedPtr publisher_;
      |                                                      [01;31m[K^[m[K
[01m[K/home/ymrobot/ros2_ws_guidance/src/aoa_tracking/include/aoa_tracking/aoa_tracking_node.hpp:36:57:[m[K [01;31m[Kerror: [m[Kexpected ‘[01m[K;[m[K’ at end of member declaration
   36 |       rclcpp::Publisher<ymrobot_msg::msg::AoaPosition>::[01;31m[KSharedPtr[m[K publisher_;
      |                                                         [01;31m[K^~~~~~~~~[m[K
      |                                                                  [32m[K;[m[K
[01m[K/home/ymrobot/ros2_ws_guidance/src/aoa_tracking/include/aoa_tracking/aoa_tracking_node.hpp:36:67:[m[K [01;31m[Kerror: [m[K‘[01m[Kpublisher_[m[K’ does not name a type; did you mean ‘[01m[Krmw_publisher_t[m[K’?
   36 |       rclcpp::Publisher<ymrobot_msg::msg::AoaPosition>::SharedPtr [01;31m[Kpublisher_[m[K;
      |                                                                   [01;31m[K^~~~~~~~~~[m[K
      |                                                                   [32m[Krmw_publisher_t[m[K
[01m[K/home/ymrobot/ros2_ws_guidance/src/aoa_tracking/src/aoa_tracking_node.cpp:[m[K In member function ‘[01m[Kvoid ymrobot::AoaTracking::processSingleFrame(const string&)[m[K’:
[01m[K/home/ymrobot/ros2_ws_guidance/src/aoa_tracking/src/aoa_tracking_node.cpp:177:22:[m[K [01;31m[Kerror: [m[Kexpected initializer before ‘[01m[Kymrobot_msg[m[K’
  177 |         auto aoa_msg [01;31m[Kymrobot_msg[m[K::msg::AoaPosition();
      |                      [01;31m[K^~~~~~~~~~~[m[K
[01m[K/home/ymrobot/ros2_ws_guidance/src/aoa_tracking/src/aoa_tracking_node.cpp:178:9:[m[K [01;31m[Kerror: [m[K‘[01m[Kaoa_msg[m[K’ was not declared in this scope
  178 |         [01;31m[Kaoa_msg[m[K.x = relative_x;
      |         [01;31m[K^~~~~~~[m[K
[01m[K/home/ymrobot/ros2_ws_guidance/src/aoa_tracking/src/aoa_tracking_node.cpp:180:23:[m[K [01;31m[Kerror: [m[K‘[01m[Kyaw[m[K’ was not declared in this scope
  180 |         aoa_msg.yaw = [01;31m[Kyaw[m[K;
      |                       [01;31m[K^~~[m[K
[01m[K/home/ymrobot/ros2_ws_guidance/src/aoa_tracking/src/aoa_tracking_node.cpp:181:9:[m[K [01;31m[Kerror: [m[K‘[01m[Kpublisher_[m[K’ was not declared in this scope; did you mean ‘[01m[Krmw_publisher_t[m[K’?
  181 |         [01;31m[Kpublisher_[m[K->publish(aoa_msg);
      |         [01;31m[K^~~~~~~~~~[m[K
      |         [32m[Krmw_publisher_t[m[K
gmake[2]: *** [CMakeFiles/aoa_tracking_node.dir/build.make:76：CMakeFiles/aoa_tracking_node.dir/src/aoa_tracking_node.cpp.o] 错误 1
gmake[1]: *** [CMakeFiles/Makefile2:137：CMakeFiles/aoa_tracking_node.dir/all] 错误 2
gmake: *** [Makefile:146：all] 错误 2
