[0.007s] Invoking command in '/home/ymrobot/ros2_ws_guidance/src/aoa_tracking/build/aoa_tracking': CMAKE_PREFIX_PATH=${CMAKE_PREFIX_PATH}:/home/ymrobot/ros2_ws_guidance/install/play_mp3_action:/home/ymrobot/ros2_ws_guidance/install/aud_conver:/home/ymrobot/ros2_ws_guidance/install/ymbot_xiaoxue_description:/home/ymrobot/ros2_ws_guidance/install/pedestrian_detector_node:/home/ymrobot/ros2_ws_guidance/install/log_uploader_node:/opt/ros/humble /usr/bin/cmake --build /home/ymrobot/ros2_ws_guidance/src/aoa_tracking/build/aoa_tracking -- -j20 -l20
[0.040s] [35m[1mConsolidate compiler generated dependencies of target aoa_tracking_node[0m
[0.053s] [ 50%] [32mBuilding CXX object CMakeFiles/aoa_tracking_node.dir/src/aoa_tracking_node.cpp.o[0m
[1.240s] In file included from [01m[K/home/ymrobot/ros2_ws_guidance/src/aoa_tracking/src/aoa_tracking_node.cpp:5[m[K:
[1.240s] [01m[K/home/ymrobot/ros2_ws_guidance/src/aoa_tracking/include/aoa_tracking/aoa_tracking_node.hpp:21:7:[m[K [01;31m[Kerror: [m[K‘[01m[Kfloat64[m[K’ does not name a type; did you mean ‘[01m[Kfloat_t[m[K’?
[1.240s]    21 |       [01;31m[Kfloat64[m[K x = 0.0;
[1.240s]       |       [01;31m[K^~~~~~~[m[K
[1.240s]       |       [32m[Kfloat_t[m[K
[1.240s] [01m[K/home/ymrobot/ros2_ws_guidance/src/aoa_tracking/include/aoa_tracking/aoa_tracking_node.hpp:22:7:[m[K [01;31m[Kerror: [m[K‘[01m[Kfloat64[m[K’ does not name a type; did you mean ‘[01m[Kfloat_t[m[K’?
[1.240s]    22 |       [01;31m[Kfloat64[m[K y = 0.0;
[1.240s]       |       [01;31m[K^~~~~~~[m[K
[1.240s]       |       [32m[Kfloat_t[m[K
[1.241s] [01m[K/home/ymrobot/ros2_ws_guidance/src/aoa_tracking/include/aoa_tracking/aoa_tracking_node.hpp:23:7:[m[K [01;31m[Kerror: [m[K‘[01m[Kfloat64[m[K’ does not name a type; did you mean ‘[01m[Kfloat_t[m[K’?
[1.241s]    23 |       [01;31m[Kfloat64[m[K row = 0.0;
[1.241s]       |       [01;31m[K^~~~~~~[m[K
[1.241s]       |       [32m[Kfloat_t[m[K
[1.243s] [01m[K/home/ymrobot/ros2_ws_guidance/src/aoa_tracking/include/aoa_tracking/aoa_tracking_node.hpp:26:15:[m[K [01;31m[Kerror: [m[K‘[01m[Kcreate_subsciption[m[K’ in namespace ‘[01m[Krclcpp[m[K’ does not name a template type; did you mean ‘[01m[Kcreate_subscription[m[K’?
[1.243s]    26 |       rclcpp::[01;31m[Kcreate_subsciption[m[K<ymrobot_msgs::msg::CloudChassisStatus> chissis_status_subsctiption_;
[1.243s]       |               [01;31m[K^~~~~~~~~~~~~~~~~~[m[K
[1.243s]       |               [32m[Kcreate_subscription[m[K
[1.252s] [01m[K/home/ymrobot/ros2_ws_guidance/src/aoa_tracking/src/aoa_tracking_node.cpp:[m[K In constructor ‘[01m[Kymrobot::AoaTracking::AoaTracking()[m[K’:
[1.252s] [01m[K/home/ymrobot/ros2_ws_guidance/src/aoa_tracking/src/aoa_tracking_node.cpp:16:5:[m[K [01;31m[Kerror: [m[K‘[01m[Kchissis_status_subsctiption_[m[K’ was not declared in this scope
[1.252s]    16 |     [01;31m[Kchissis_status_subsctiption_[m[K = this->create_subsciption<ymrobot_msgs::msg::CloudChassisStatus>("cloud_chassis_status_info", 2, std::bind(&AoaTracking::chissis_status_callback, this, _1));
[1.252s]       |     [01;31m[K^~~~~~~~~~~~~~~~~~~~~~~~~~~~[m[K
[1.252s] [01m[K/home/ymrobot/ros2_ws_guidance/src/aoa_tracking/src/aoa_tracking_node.cpp:16:42:[m[K [01;31m[Kerror: [m[K‘[01m[Kclass ymrobot::AoaTracking[m[K’ has no member named ‘[01m[Kcreate_subsciption[m[K’; did you mean ‘[01m[Kcreate_subscription[m[K’?
[1.252s]    16 |     chissis_status_subsctiption_ = this->[01;31m[Kcreate_subsciption[m[K<ymrobot_msgs::msg::CloudChassisStatus>("cloud_chassis_status_info", 2, std::bind(&AoaTracking::chissis_status_callback, this, _1));
[1.252s]       |                                          [01;31m[K^~~~~~~~~~~~~~~~~~[m[K
[1.252s]       |                                          [32m[Kcreate_subscription[m[K
[1.252s] [01m[K/home/ymrobot/ros2_ws_guidance/src/aoa_tracking/src/aoa_tracking_node.cpp:16:98:[m[K [01;31m[Kerror: [m[Kexpected primary-expression before ‘[01m[K>[m[K’ token
[1.252s]    16 |     chissis_status_subsctiption_ = this->create_subsciption<ymrobot_msgs::msg::CloudChassisStatus[01;31m[K>[m[K("cloud_chassis_status_info", 2, std::bind(&AoaTracking::chissis_status_callback, this, _1));
[1.252s]       |                                                                                                  [01;31m[K^[m[K
[1.252s] [01m[K/home/ymrobot/ros2_ws_guidance/src/aoa_tracking/src/aoa_tracking_node.cpp:16:100:[m[K [01;35m[Kwarning: [m[Kleft operand of comma operator has no effect [[01;35m[K]8;;https://gcc.gnu.org/onlinedocs/gcc/Warning-Options.html#index-Wunused-value-Wunused-value]8;;[m[K]
[1.252s]    16 |     chissis_status_subsctiption_ = this->create_subsciption<ymrobot_msgs::msg::CloudChassisStatus>([01;35m[K"cloud_chassis_status_info"[m[K, 2, std::bind(&AoaTracking::chissis_status_callback, this, _1));
[1.252s]       |                                                                                                    [01;35m[K^~~~~~~~~~~~~~~~~~~~~~~~~~~[m[K
[1.252s] [01m[K/home/ymrobot/ros2_ws_guidance/src/aoa_tracking/src/aoa_tracking_node.cpp:16:187:[m[K [01;31m[Kerror: [m[K‘[01m[K_1[m[K’ was not declared in this scope; did you mean ‘[01m[Kstd::placeholders::_1[m[K’?
[1.252s]    16 | sg::CloudChassisStatus>("cloud_chassis_status_info", 2, std::bind(&AoaTracking::chissis_status_callback, this, [01;31m[K_1[m[K));
[1.252s]       |                                                                                                                [01;31m[K^~[m[K
[1.252s]       |                                                                                                                [32m[Kstd::placeholders::_1[m[K
[1.252s] In file included from [01m[K/home/ymrobot/ros2_ws_guidance/src/aoa_tracking/include/aoa_tracking/aoa_tracking_node.hpp:2[m[K,
[1.252s]                  from [01m[K/home/ymrobot/ros2_ws_guidance/src/aoa_tracking/src/aoa_tracking_node.cpp:5[m[K:
[1.252s] [01m[K/usr/include/c++/11/functional:225:34:[m[K [01;36m[Knote: [m[K‘[01m[Kstd::placeholders::_1[m[K’ declared here
[1.252s]   225 |     extern const _Placeholder<1> [01;36m[K_1[m[K;
[1.252s]       |                                  [01;36m[K^~[m[K
[1.255s] [01m[K/home/ymrobot/ros2_ws_guidance/src/aoa_tracking/src/aoa_tracking_node.cpp:[m[K In member function ‘[01m[Kvoid ymrobot::AoaTracking::chissis_status_callback(const CloudChassisStatus&)[m[K’:
[1.255s] [01m[K/home/ymrobot/ros2_ws_guidance/src/aoa_tracking/src/aoa_tracking_node.cpp:29:5:[m[K [01;31m[Kerror: [m[K‘[01m[Kx[m[K’ was not declared in this scope
[1.255s]    29 |     [01;31m[Kx[m[K = msg.x;
[1.255s]       |     [01;31m[K^[m[K
[1.257s] [01m[K/home/ymrobot/ros2_ws_guidance/src/aoa_tracking/src/aoa_tracking_node.cpp:30:5:[m[K [01;31m[Kerror: [m[K‘[01m[Ky[m[K’ was not declared in this scope; did you mean ‘[01m[Kyn[m[K’?
[1.257s]    30 |     [01;31m[Ky[m[K = msg.y;
[1.257s]       |     [01;31m[K^[m[K
[1.257s]       |     [32m[Kyn[m[K
[1.259s] [01m[K/home/ymrobot/ros2_ws_guidance/src/aoa_tracking/src/aoa_tracking_node.cpp:31:5:[m[K [01;31m[Kerror: [m[K‘[01m[Kyaw[m[K’ was not declared in this scope
[1.259s]    31 |     [01;31m[Kyaw[m[K = msg.yaw;
[1.259s]       |     [01;31m[K^~~[m[K
[1.623s] gmake[2]: *** [CMakeFiles/aoa_tracking_node.dir/build.make:76：CMakeFiles/aoa_tracking_node.dir/src/aoa_tracking_node.cpp.o] 错误 1
[1.623s] gmake[1]: *** [CMakeFiles/Makefile2:137：CMakeFiles/aoa_tracking_node.dir/all] 错误 2
[1.624s] gmake: *** [Makefile:146：all] 错误 2
[1.626s] Invoked command in '/home/ymrobot/ros2_ws_guidance/src/aoa_tracking/build/aoa_tracking' returned '2': CMAKE_PREFIX_PATH=${CMAKE_PREFIX_PATH}:/home/ymrobot/ros2_ws_guidance/install/play_mp3_action:/home/ymrobot/ros2_ws_guidance/install/aud_conver:/home/ymrobot/ros2_ws_guidance/install/ymbot_xiaoxue_description:/home/ymrobot/ros2_ws_guidance/install/pedestrian_detector_node:/home/ymrobot/ros2_ws_guidance/install/log_uploader_node:/opt/ros/humble /usr/bin/cmake --build /home/ymrobot/ros2_ws_guidance/src/aoa_tracking/build/aoa_tracking -- -j20 -l20
