[01m[K/home/ymrobot/ros2_ws_guidance/src/aoa_tracking/src/aoa_tracking_node.cpp:[m[K In constructor ‘[01m[Kymrobot::AoaTracking::AoaTracking()[m[K’:
[01m[K/home/ymrobot/ros2_ws_guidance/src/aoa_tracking/src/aoa_tracking_node.cpp:16:61:[m[K [01;31m[Kerror: [m[Kcannot bind non-const lvalue reference of type ‘[01m[Kserial::Timeout&[m[K’ to an rvalue of type ‘[01m[Kserial::Timeout[m[K’
   16 |           serial1_.setTimeout([01;31m[Kserial::Timeout::simpleTimeout(1000)[m[K);
      |                               [01;31m[K~~~~~~~~~~~~~~~~~~~~~~~~~~~~~~^~~~~~[m[K
In file included from [01m[K/home/ymrobot/ros2_ws_guidance/src/aoa_tracking/include/aoa_tracking/aoa_tracking_node.hpp:5[m[K,
                 from [01m[K/home/ymrobot/ros2_ws_guidance/src/aoa_tracking/src/aoa_tracking_node.cpp:5[m[K:
[01m[K/usr/local/include/serial/serial.h:461:24:[m[K [01;36m[Knote: [m[K  initializing argument 1 of ‘[01m[Kvoid serial::Serial::setTimeout(serial::Timeout&)[m[K’
  461 |   setTimeout ([01;36m[KTimeout &timeout[m[K);
      |               [01;36m[K~~~~~~~~~^~~~~~~[m[K
[01m[K/home/ymrobot/ros2_ws_guidance/src/aoa_tracking/src/aoa_tracking_node.cpp:25:61:[m[K [01;31m[Kerror: [m[Kcannot bind non-const lvalue reference of type ‘[01m[Kserial::Timeout&[m[K’ to an rvalue of type ‘[01m[Kserial::Timeout[m[K’
   25 |           serial2_.setTimeout([01;31m[Kserial::Timeout::simpleTimeout(1000)[m[K);
      |                               [01;31m[K~~~~~~~~~~~~~~~~~~~~~~~~~~~~~~^~~~~~[m[K
In file included from [01m[K/home/ymrobot/ros2_ws_guidance/src/aoa_tracking/include/aoa_tracking/aoa_tracking_node.hpp:5[m[K,
                 from [01m[K/home/ymrobot/ros2_ws_guidance/src/aoa_tracking/src/aoa_tracking_node.cpp:5[m[K:
[01m[K/usr/local/include/serial/serial.h:461:24:[m[K [01;36m[Knote: [m[K  initializing argument 1 of ‘[01m[Kvoid serial::Serial::setTimeout(serial::Timeout&)[m[K’
  461 |   setTimeout ([01;36m[KTimeout &timeout[m[K);
      |               [01;36m[K~~~~~~~~~^~~~~~~[m[K
gmake[2]: *** [CMakeFiles/aoa_tracking_node.dir/build.make:76：CMakeFiles/aoa_tracking_node.dir/src/aoa_tracking_node.cpp.o] 错误 1
gmake[1]: *** [CMakeFiles/Makefile2:137：CMakeFiles/aoa_tracking_node.dir/all] 错误 2
gmake: *** [Makefile:146：all] 错误 2
