[0.080s] DEBUG:colcon:Command line arguments: ['/usr/bin/colcon', 'build', '--packages-select', 'ymrobot_msgs']
[0.080s] DEBUG:colcon:Parsed command line arguments: Namespace(log_base=None, log_level=None, verb_name='build', build_base='build', install_base='install', merge_install=False, symlink_install=False, test_result_base=None, continue_on_error=False, executor='parallel', parallel_workers=16, event_handlers=None, ignore_user_meta=False, metas=['./colcon.meta'], base_paths=['.'], packages_ignore=None, packages_ignore_regex=None, paths=None, packages_up_to=None, packages_up_to_regex=None, packages_above=None, packages_above_and_dependencies=None, packages_above_depth=None, packages_select_by_dep=None, packages_skip_by_dep=None, packages_skip_up_to=None, packages_select_build_failed=False, packages_skip_build_finished=False, packages_select_test_failures=False, packages_skip_test_passed=False, packages_select=['ymrobot_msgs'], packages_skip=None, packages_select_regex=None, packages_skip_regex=None, packages_start=None, packages_end=None, allow_overriding=[], cmake_args=None, cmake_target=None, cmake_target_skip_unavailable=False, cmake_clean_cache=False, cmake_clean_first=False, cmake_force_configure=False, ament_cmake_args=None, catkin_cmake_args=None, catkin_skip_building_tests=False, verb_parser=<colcon_defaults.argument_parser.defaults.DefaultArgumentsDecorator object at 0x7070ca83a170>, verb_extension=<colcon_core.verb.build.BuildVerb object at 0x7070ca95b580>, main=<bound method BuildVerb.main of <colcon_core.verb.build.BuildVerb object at 0x7070ca95b580>>)
[0.203s] Level 1:colcon.colcon_core.package_discovery:discover_packages(colcon_meta) check parameters
[0.203s] Level 1:colcon.colcon_core.package_discovery:discover_packages(recursive) check parameters
[0.203s] Level 1:colcon.colcon_core.package_discovery:discover_packages(ignore) check parameters
[0.203s] Level 1:colcon.colcon_core.package_discovery:discover_packages(path) check parameters
[0.203s] Level 1:colcon.colcon_core.package_discovery:discover_packages(colcon_meta) discover
[0.203s] Level 1:colcon.colcon_core.package_discovery:discover_packages(recursive) discover
[0.203s] INFO:colcon.colcon_core.package_discovery:Crawling recursively for packages in '/home/ymrobot/ros2_ws_guidance/src/aud_conver/aud_conver'
[0.203s] Level 1:colcon.colcon_core.package_identification:_identify(.) by extensions ['ignore', 'ignore_ament_install']
[0.203s] Level 1:colcon.colcon_core.package_identification:_identify(.) by extension 'ignore'
[0.203s] Level 1:colcon.colcon_core.package_identification:_identify(.) by extension 'ignore_ament_install'
[0.203s] Level 1:colcon.colcon_core.package_identification:_identify(.) by extensions ['colcon_pkg']
[0.203s] Level 1:colcon.colcon_core.package_identification:_identify(.) by extension 'colcon_pkg'
[0.203s] Level 1:colcon.colcon_core.package_identification:_identify(.) by extensions ['colcon_meta']
[0.203s] Level 1:colcon.colcon_core.package_identification:_identify(.) by extension 'colcon_meta'
[0.203s] Level 1:colcon.colcon_core.package_identification:_identify(.) by extensions ['ros']
[0.203s] Level 1:colcon.colcon_core.package_identification:_identify(.) by extension 'ros'
[0.211s] Level 1:colcon.colcon_core.package_identification:_identify(.) by extensions ['cmake', 'python']
[0.212s] Level 1:colcon.colcon_core.package_identification:_identify(.) by extension 'cmake'
[0.212s] Level 1:colcon.colcon_core.package_identification:_identify(.) by extension 'python'
[0.212s] Level 1:colcon.colcon_core.package_identification:_identify(.) by extensions ['python_setup_py']
[0.212s] Level 1:colcon.colcon_core.package_identification:_identify(.) by extension 'python_setup_py'
[0.212s] Level 1:colcon.colcon_core.package_identification:_identify(__pycache__) by extensions ['ignore', 'ignore_ament_install']
[0.212s] Level 1:colcon.colcon_core.package_identification:_identify(__pycache__) by extension 'ignore'
[0.212s] Level 1:colcon.colcon_core.package_identification:_identify(__pycache__) by extension 'ignore_ament_install'
[0.212s] Level 1:colcon.colcon_core.package_identification:_identify(__pycache__) by extensions ['colcon_pkg']
[0.212s] Level 1:colcon.colcon_core.package_identification:_identify(__pycache__) by extension 'colcon_pkg'
[0.212s] Level 1:colcon.colcon_core.package_identification:_identify(__pycache__) by extensions ['colcon_meta']
[0.212s] Level 1:colcon.colcon_core.package_identification:_identify(__pycache__) by extension 'colcon_meta'
[0.212s] Level 1:colcon.colcon_core.package_identification:_identify(__pycache__) by extensions ['ros']
[0.212s] Level 1:colcon.colcon_core.package_identification:_identify(__pycache__) by extension 'ros'
[0.212s] Level 1:colcon.colcon_core.package_identification:_identify(__pycache__) by extensions ['cmake', 'python']
[0.212s] Level 1:colcon.colcon_core.package_identification:_identify(__pycache__) by extension 'cmake'
[0.212s] Level 1:colcon.colcon_core.package_identification:_identify(__pycache__) by extension 'python'
[0.212s] Level 1:colcon.colcon_core.package_identification:_identify(__pycache__) by extensions ['python_setup_py']
[0.212s] Level 1:colcon.colcon_core.package_identification:_identify(__pycache__) by extension 'python_setup_py'
[0.212s] Level 1:colcon.colcon_core.package_identification:_identify(build) by extensions ['ignore', 'ignore_ament_install']
[0.212s] Level 1:colcon.colcon_core.package_identification:_identify(build) by extension 'ignore'
[0.212s] Level 1:colcon.colcon_core.package_identification:_identify(build) ignored
[0.212s] Level 1:colcon.colcon_core.package_identification:_identify(client_modules) by extensions ['ignore', 'ignore_ament_install']
[0.212s] Level 1:colcon.colcon_core.package_identification:_identify(client_modules) by extension 'ignore'
[0.212s] Level 1:colcon.colcon_core.package_identification:_identify(client_modules) by extension 'ignore_ament_install'
[0.212s] Level 1:colcon.colcon_core.package_identification:_identify(client_modules) by extensions ['colcon_pkg']
[0.212s] Level 1:colcon.colcon_core.package_identification:_identify(client_modules) by extension 'colcon_pkg'
[0.212s] Level 1:colcon.colcon_core.package_identification:_identify(client_modules) by extensions ['colcon_meta']
[0.212s] Level 1:colcon.colcon_core.package_identification:_identify(client_modules) by extension 'colcon_meta'
[0.213s] Level 1:colcon.colcon_core.package_identification:_identify(client_modules) by extensions ['ros']
[0.213s] Level 1:colcon.colcon_core.package_identification:_identify(client_modules) by extension 'ros'
[0.213s] Level 1:colcon.colcon_core.package_identification:_identify(client_modules) by extensions ['cmake', 'python']
[0.213s] Level 1:colcon.colcon_core.package_identification:_identify(client_modules) by extension 'cmake'
[0.213s] Level 1:colcon.colcon_core.package_identification:_identify(client_modules) by extension 'python'
[0.213s] Level 1:colcon.colcon_core.package_identification:_identify(client_modules) by extensions ['python_setup_py']
[0.213s] Level 1:colcon.colcon_core.package_identification:_identify(client_modules) by extension 'python_setup_py'
[0.213s] Level 1:colcon.colcon_core.package_identification:_identify(client_modules/__pycache__) by extensions ['ignore', 'ignore_ament_install']
[0.213s] Level 1:colcon.colcon_core.package_identification:_identify(client_modules/__pycache__) by extension 'ignore'
[0.213s] Level 1:colcon.colcon_core.package_identification:_identify(client_modules/__pycache__) by extension 'ignore_ament_install'
[0.213s] Level 1:colcon.colcon_core.package_identification:_identify(client_modules/__pycache__) by extensions ['colcon_pkg']
[0.213s] Level 1:colcon.colcon_core.package_identification:_identify(client_modules/__pycache__) by extension 'colcon_pkg'
[0.213s] Level 1:colcon.colcon_core.package_identification:_identify(client_modules/__pycache__) by extensions ['colcon_meta']
[0.213s] Level 1:colcon.colcon_core.package_identification:_identify(client_modules/__pycache__) by extension 'colcon_meta'
[0.213s] Level 1:colcon.colcon_core.package_identification:_identify(client_modules/__pycache__) by extensions ['ros']
[0.213s] Level 1:colcon.colcon_core.package_identification:_identify(client_modules/__pycache__) by extension 'ros'
[0.213s] Level 1:colcon.colcon_core.package_identification:_identify(client_modules/__pycache__) by extensions ['cmake', 'python']
[0.213s] Level 1:colcon.colcon_core.package_identification:_identify(client_modules/__pycache__) by extension 'cmake'
[0.213s] Level 1:colcon.colcon_core.package_identification:_identify(client_modules/__pycache__) by extension 'python'
[0.213s] Level 1:colcon.colcon_core.package_identification:_identify(client_modules/__pycache__) by extensions ['python_setup_py']
[0.213s] Level 1:colcon.colcon_core.package_identification:_identify(client_modules/__pycache__) by extension 'python_setup_py'
[0.213s] Level 1:colcon.colcon_core.package_identification:_identify(client_modules/introduction) by extensions ['ignore', 'ignore_ament_install']
[0.213s] Level 1:colcon.colcon_core.package_identification:_identify(client_modules/introduction) by extension 'ignore'
[0.213s] Level 1:colcon.colcon_core.package_identification:_identify(client_modules/introduction) by extension 'ignore_ament_install'
[0.213s] Level 1:colcon.colcon_core.package_identification:_identify(client_modules/introduction) by extensions ['colcon_pkg']
[0.213s] Level 1:colcon.colcon_core.package_identification:_identify(client_modules/introduction) by extension 'colcon_pkg'
[0.213s] Level 1:colcon.colcon_core.package_identification:_identify(client_modules/introduction) by extensions ['colcon_meta']
[0.213s] Level 1:colcon.colcon_core.package_identification:_identify(client_modules/introduction) by extension 'colcon_meta'
[0.213s] Level 1:colcon.colcon_core.package_identification:_identify(client_modules/introduction) by extensions ['ros']
[0.213s] Level 1:colcon.colcon_core.package_identification:_identify(client_modules/introduction) by extension 'ros'
[0.213s] Level 1:colcon.colcon_core.package_identification:_identify(client_modules/introduction) by extensions ['cmake', 'python']
[0.213s] Level 1:colcon.colcon_core.package_identification:_identify(client_modules/introduction) by extension 'cmake'
[0.213s] Level 1:colcon.colcon_core.package_identification:_identify(client_modules/introduction) by extension 'python'
[0.213s] Level 1:colcon.colcon_core.package_identification:_identify(client_modules/introduction) by extensions ['python_setup_py']
[0.213s] Level 1:colcon.colcon_core.package_identification:_identify(client_modules/introduction) by extension 'python_setup_py'
[0.214s] Level 1:colcon.colcon_core.package_identification:_identify(client_modules/log) by extensions ['ignore', 'ignore_ament_install']
[0.214s] Level 1:colcon.colcon_core.package_identification:_identify(client_modules/log) by extension 'ignore'
[0.214s] Level 1:colcon.colcon_core.package_identification:_identify(client_modules/log) ignored
[0.214s] Level 1:colcon.colcon_core.package_identification:_identify(client_modules/vspro_15) by extensions ['ignore', 'ignore_ament_install']
[0.214s] Level 1:colcon.colcon_core.package_identification:_identify(client_modules/vspro_15) by extension 'ignore'
[0.214s] Level 1:colcon.colcon_core.package_identification:_identify(client_modules/vspro_15) by extension 'ignore_ament_install'
[0.214s] Level 1:colcon.colcon_core.package_identification:_identify(client_modules/vspro_15) by extensions ['colcon_pkg']
[0.214s] Level 1:colcon.colcon_core.package_identification:_identify(client_modules/vspro_15) by extension 'colcon_pkg'
[0.214s] Level 1:colcon.colcon_core.package_identification:_identify(client_modules/vspro_15) by extensions ['colcon_meta']
[0.214s] Level 1:colcon.colcon_core.package_identification:_identify(client_modules/vspro_15) by extension 'colcon_meta'
[0.214s] Level 1:colcon.colcon_core.package_identification:_identify(client_modules/vspro_15) by extensions ['ros']
[0.214s] Level 1:colcon.colcon_core.package_identification:_identify(client_modules/vspro_15) by extension 'ros'
[0.214s] Level 1:colcon.colcon_core.package_identification:_identify(client_modules/vspro_15) by extensions ['cmake', 'python']
[0.214s] Level 1:colcon.colcon_core.package_identification:_identify(client_modules/vspro_15) by extension 'cmake'
[0.214s] Level 1:colcon.colcon_core.package_identification:_identify(client_modules/vspro_15) by extension 'python'
[0.214s] Level 1:colcon.colcon_core.package_identification:_identify(client_modules/vspro_15) by extensions ['python_setup_py']
[0.214s] Level 1:colcon.colcon_core.package_identification:_identify(client_modules/vspro_15) by extension 'python_setup_py'
[0.214s] Level 1:colcon.colcon_core.package_identification:_identify(client_modules/wake) by extensions ['ignore', 'ignore_ament_install']
[0.214s] Level 1:colcon.colcon_core.package_identification:_identify(client_modules/wake) by extension 'ignore'
[0.214s] Level 1:colcon.colcon_core.package_identification:_identify(client_modules/wake) by extension 'ignore_ament_install'
[0.214s] Level 1:colcon.colcon_core.package_identification:_identify(client_modules/wake) by extensions ['colcon_pkg']
[0.214s] Level 1:colcon.colcon_core.package_identification:_identify(client_modules/wake) by extension 'colcon_pkg'
[0.214s] Level 1:colcon.colcon_core.package_identification:_identify(client_modules/wake) by extensions ['colcon_meta']
[0.214s] Level 1:colcon.colcon_core.package_identification:_identify(client_modules/wake) by extension 'colcon_meta'
[0.214s] Level 1:colcon.colcon_core.package_identification:_identify(client_modules/wake) by extensions ['ros']
[0.214s] Level 1:colcon.colcon_core.package_identification:_identify(client_modules/wake) by extension 'ros'
[0.214s] Level 1:colcon.colcon_core.package_identification:_identify(client_modules/wake) by extensions ['cmake', 'python']
[0.214s] Level 1:colcon.colcon_core.package_identification:_identify(client_modules/wake) by extension 'cmake'
[0.214s] Level 1:colcon.colcon_core.package_identification:_identify(client_modules/wake) by extension 'python'
[0.214s] Level 1:colcon.colcon_core.package_identification:_identify(client_modules/wake) by extensions ['python_setup_py']
[0.214s] Level 1:colcon.colcon_core.package_identification:_identify(client_modules/wake) by extension 'python_setup_py'
[0.214s] Level 1:colcon.colcon_core.package_identification:_identify(client_modules/wake/bin) by extensions ['ignore', 'ignore_ament_install']
[0.214s] Level 1:colcon.colcon_core.package_identification:_identify(client_modules/wake/bin) by extension 'ignore'
[0.215s] Level 1:colcon.colcon_core.package_identification:_identify(client_modules/wake/bin) by extension 'ignore_ament_install'
[0.215s] Level 1:colcon.colcon_core.package_identification:_identify(client_modules/wake/bin) by extensions ['colcon_pkg']
[0.215s] Level 1:colcon.colcon_core.package_identification:_identify(client_modules/wake/bin) by extension 'colcon_pkg'
[0.215s] Level 1:colcon.colcon_core.package_identification:_identify(client_modules/wake/bin) by extensions ['colcon_meta']
[0.215s] Level 1:colcon.colcon_core.package_identification:_identify(client_modules/wake/bin) by extension 'colcon_meta'
[0.215s] Level 1:colcon.colcon_core.package_identification:_identify(client_modules/wake/bin) by extensions ['ros']
[0.215s] Level 1:colcon.colcon_core.package_identification:_identify(client_modules/wake/bin) by extension 'ros'
[0.215s] Level 1:colcon.colcon_core.package_identification:_identify(client_modules/wake/bin) by extensions ['cmake', 'python']
[0.215s] Level 1:colcon.colcon_core.package_identification:_identify(client_modules/wake/bin) by extension 'cmake'
[0.215s] Level 1:colcon.colcon_core.package_identification:_identify(client_modules/wake/bin) by extension 'python'
[0.215s] Level 1:colcon.colcon_core.package_identification:_identify(client_modules/wake/bin) by extensions ['python_setup_py']
[0.215s] Level 1:colcon.colcon_core.package_identification:_identify(client_modules/wake/bin) by extension 'python_setup_py'
[0.215s] Level 1:colcon.colcon_core.package_identification:_identify(client_modules/wake/bin/resource) by extensions ['ignore', 'ignore_ament_install']
[0.215s] Level 1:colcon.colcon_core.package_identification:_identify(client_modules/wake/bin/resource) by extension 'ignore'
[0.215s] Level 1:colcon.colcon_core.package_identification:_identify(client_modules/wake/bin/resource) by extension 'ignore_ament_install'
[0.215s] Level 1:colcon.colcon_core.package_identification:_identify(client_modules/wake/bin/resource) by extensions ['colcon_pkg']
[0.215s] Level 1:colcon.colcon_core.package_identification:_identify(client_modules/wake/bin/resource) by extension 'colcon_pkg'
[0.215s] Level 1:colcon.colcon_core.package_identification:_identify(client_modules/wake/bin/resource) by extensions ['colcon_meta']
[0.215s] Level 1:colcon.colcon_core.package_identification:_identify(client_modules/wake/bin/resource) by extension 'colcon_meta'
[0.215s] Level 1:colcon.colcon_core.package_identification:_identify(client_modules/wake/bin/resource) by extensions ['ros']
[0.215s] Level 1:colcon.colcon_core.package_identification:_identify(client_modules/wake/bin/resource) by extension 'ros'
[0.215s] Level 1:colcon.colcon_core.package_identification:_identify(client_modules/wake/bin/resource) by extensions ['cmake', 'python']
[0.215s] Level 1:colcon.colcon_core.package_identification:_identify(client_modules/wake/bin/resource) by extension 'cmake'
[0.215s] Level 1:colcon.colcon_core.package_identification:_identify(client_modules/wake/bin/resource) by extension 'python'
[0.215s] Level 1:colcon.colcon_core.package_identification:_identify(client_modules/wake/bin/resource) by extensions ['python_setup_py']
[0.215s] Level 1:colcon.colcon_core.package_identification:_identify(client_modules/wake/bin/resource) by extension 'python_setup_py'
[0.215s] Level 1:colcon.colcon_core.package_identification:_identify(client_modules/wake/include) by extensions ['ignore', 'ignore_ament_install']
[0.215s] Level 1:colcon.colcon_core.package_identification:_identify(client_modules/wake/include) by extension 'ignore'
[0.216s] Level 1:colcon.colcon_core.package_identification:_identify(client_modules/wake/include) by extension 'ignore_ament_install'
[0.216s] Level 1:colcon.colcon_core.package_identification:_identify(client_modules/wake/include) by extensions ['colcon_pkg']
[0.216s] Level 1:colcon.colcon_core.package_identification:_identify(client_modules/wake/include) by extension 'colcon_pkg'
[0.216s] Level 1:colcon.colcon_core.package_identification:_identify(client_modules/wake/include) by extensions ['colcon_meta']
[0.216s] Level 1:colcon.colcon_core.package_identification:_identify(client_modules/wake/include) by extension 'colcon_meta'
[0.216s] Level 1:colcon.colcon_core.package_identification:_identify(client_modules/wake/include) by extensions ['ros']
[0.216s] Level 1:colcon.colcon_core.package_identification:_identify(client_modules/wake/include) by extension 'ros'
[0.216s] Level 1:colcon.colcon_core.package_identification:_identify(client_modules/wake/include) by extensions ['cmake', 'python']
[0.216s] Level 1:colcon.colcon_core.package_identification:_identify(client_modules/wake/include) by extension 'cmake'
[0.216s] Level 1:colcon.colcon_core.package_identification:_identify(client_modules/wake/include) by extension 'python'
[0.216s] Level 1:colcon.colcon_core.package_identification:_identify(client_modules/wake/include) by extensions ['python_setup_py']
[0.216s] Level 1:colcon.colcon_core.package_identification:_identify(client_modules/wake/include) by extension 'python_setup_py'
[0.216s] Level 1:colcon.colcon_core.package_identification:_identify(client_modules/wake/ivw_record_sample) by extensions ['ignore', 'ignore_ament_install']
[0.216s] Level 1:colcon.colcon_core.package_identification:_identify(client_modules/wake/ivw_record_sample) by extension 'ignore'
[0.216s] Level 1:colcon.colcon_core.package_identification:_identify(client_modules/wake/ivw_record_sample) by extension 'ignore_ament_install'
[0.216s] Level 1:colcon.colcon_core.package_identification:_identify(client_modules/wake/ivw_record_sample) by extensions ['colcon_pkg']
[0.216s] Level 1:colcon.colcon_core.package_identification:_identify(client_modules/wake/ivw_record_sample) by extension 'colcon_pkg'
[0.216s] Level 1:colcon.colcon_core.package_identification:_identify(client_modules/wake/ivw_record_sample) by extensions ['colcon_meta']
[0.216s] Level 1:colcon.colcon_core.package_identification:_identify(client_modules/wake/ivw_record_sample) by extension 'colcon_meta'
[0.216s] Level 1:colcon.colcon_core.package_identification:_identify(client_modules/wake/ivw_record_sample) by extensions ['ros']
[0.216s] Level 1:colcon.colcon_core.package_identification:_identify(client_modules/wake/ivw_record_sample) by extension 'ros'
[0.216s] Level 1:colcon.colcon_core.package_identification:_identify(client_modules/wake/ivw_record_sample) by extensions ['cmake', 'python']
[0.216s] Level 1:colcon.colcon_core.package_identification:_identify(client_modules/wake/ivw_record_sample) by extension 'cmake'
[0.216s] Level 1:colcon.colcon_core.package_identification:_identify(client_modules/wake/ivw_record_sample) by extension 'python'
[0.216s] Level 1:colcon.colcon_core.package_identification:_identify(client_modules/wake/ivw_record_sample) by extensions ['python_setup_py']
[0.216s] Level 1:colcon.colcon_core.package_identification:_identify(client_modules/wake/ivw_record_sample) by extension 'python_setup_py'
[0.216s] Level 1:colcon.colcon_core.package_identification:_identify(client_modules/wake/ivw_record_sample/files) by extensions ['ignore', 'ignore_ament_install']
[0.216s] Level 1:colcon.colcon_core.package_identification:_identify(client_modules/wake/ivw_record_sample/files) by extension 'ignore'
[0.216s] Level 1:colcon.colcon_core.package_identification:_identify(client_modules/wake/ivw_record_sample/files) by extension 'ignore_ament_install'
[0.216s] Level 1:colcon.colcon_core.package_identification:_identify(client_modules/wake/ivw_record_sample/files) by extensions ['colcon_pkg']
[0.216s] Level 1:colcon.colcon_core.package_identification:_identify(client_modules/wake/ivw_record_sample/files) by extension 'colcon_pkg'
[0.216s] Level 1:colcon.colcon_core.package_identification:_identify(client_modules/wake/ivw_record_sample/files) by extensions ['colcon_meta']
[0.216s] Level 1:colcon.colcon_core.package_identification:_identify(client_modules/wake/ivw_record_sample/files) by extension 'colcon_meta'
[0.216s] Level 1:colcon.colcon_core.package_identification:_identify(client_modules/wake/ivw_record_sample/files) by extensions ['ros']
[0.216s] Level 1:colcon.colcon_core.package_identification:_identify(client_modules/wake/ivw_record_sample/files) by extension 'ros'
[0.217s] Level 1:colcon.colcon_core.package_identification:_identify(client_modules/wake/ivw_record_sample/files) by extensions ['cmake', 'python']
[0.217s] Level 1:colcon.colcon_core.package_identification:_identify(client_modules/wake/ivw_record_sample/files) by extension 'cmake'
[0.217s] Level 1:colcon.colcon_core.package_identification:_identify(client_modules/wake/ivw_record_sample/files) by extension 'python'
[0.217s] Level 1:colcon.colcon_core.package_identification:_identify(client_modules/wake/ivw_record_sample/files) by extensions ['python_setup_py']
[0.217s] Level 1:colcon.colcon_core.package_identification:_identify(client_modules/wake/ivw_record_sample/files) by extension 'python_setup_py'
[0.217s] Level 1:colcon.colcon_core.package_identification:_identify(client_modules/wake/ivw_record_sample/files/ilog_v1) by extensions ['ignore', 'ignore_ament_install']
[0.217s] Level 1:colcon.colcon_core.package_identification:_identify(client_modules/wake/ivw_record_sample/files/ilog_v1) by extension 'ignore'
[0.217s] Level 1:colcon.colcon_core.package_identification:_identify(client_modules/wake/ivw_record_sample/files/ilog_v1) by extension 'ignore_ament_install'
[0.217s] Level 1:colcon.colcon_core.package_identification:_identify(client_modules/wake/ivw_record_sample/files/ilog_v1) by extensions ['colcon_pkg']
[0.217s] Level 1:colcon.colcon_core.package_identification:_identify(client_modules/wake/ivw_record_sample/files/ilog_v1) by extension 'colcon_pkg'
[0.217s] Level 1:colcon.colcon_core.package_identification:_identify(client_modules/wake/ivw_record_sample/files/ilog_v1) by extensions ['colcon_meta']
[0.217s] Level 1:colcon.colcon_core.package_identification:_identify(client_modules/wake/ivw_record_sample/files/ilog_v1) by extension 'colcon_meta'
[0.217s] Level 1:colcon.colcon_core.package_identification:_identify(client_modules/wake/ivw_record_sample/files/ilog_v1) by extensions ['ros']
[0.217s] Level 1:colcon.colcon_core.package_identification:_identify(client_modules/wake/ivw_record_sample/files/ilog_v1) by extension 'ros'
[0.217s] Level 1:colcon.colcon_core.package_identification:_identify(client_modules/wake/ivw_record_sample/files/ilog_v1) by extensions ['cmake', 'python']
[0.217s] Level 1:colcon.colcon_core.package_identification:_identify(client_modules/wake/ivw_record_sample/files/ilog_v1) by extension 'cmake'
[0.217s] Level 1:colcon.colcon_core.package_identification:_identify(client_modules/wake/ivw_record_sample/files/ilog_v1) by extension 'python'
[0.217s] Level 1:colcon.colcon_core.package_identification:_identify(client_modules/wake/ivw_record_sample/files/ilog_v1) by extensions ['python_setup_py']
[0.217s] Level 1:colcon.colcon_core.package_identification:_identify(client_modules/wake/ivw_record_sample/files/ilog_v1) by extension 'python_setup_py'
[0.217s] Level 1:colcon.colcon_core.package_identification:_identify(client_modules/wake/ivw_record_sample/files/logan_cache) by extensions ['ignore', 'ignore_ament_install']
[0.217s] Level 1:colcon.colcon_core.package_identification:_identify(client_modules/wake/ivw_record_sample/files/logan_cache) by extension 'ignore'
[0.217s] Level 1:colcon.colcon_core.package_identification:_identify(client_modules/wake/ivw_record_sample/files/logan_cache) by extension 'ignore_ament_install'
[0.217s] Level 1:colcon.colcon_core.package_identification:_identify(client_modules/wake/ivw_record_sample/files/logan_cache) by extensions ['colcon_pkg']
[0.217s] Level 1:colcon.colcon_core.package_identification:_identify(client_modules/wake/ivw_record_sample/files/logan_cache) by extension 'colcon_pkg'
[0.217s] Level 1:colcon.colcon_core.package_identification:_identify(client_modules/wake/ivw_record_sample/files/logan_cache) by extensions ['colcon_meta']
[0.217s] Level 1:colcon.colcon_core.package_identification:_identify(client_modules/wake/ivw_record_sample/files/logan_cache) by extension 'colcon_meta'
[0.217s] Level 1:colcon.colcon_core.package_identification:_identify(client_modules/wake/ivw_record_sample/files/logan_cache) by extensions ['ros']
[0.217s] Level 1:colcon.colcon_core.package_identification:_identify(client_modules/wake/ivw_record_sample/files/logan_cache) by extension 'ros'
[0.217s] Level 1:colcon.colcon_core.package_identification:_identify(client_modules/wake/ivw_record_sample/files/logan_cache) by extensions ['cmake', 'python']
[0.217s] Level 1:colcon.colcon_core.package_identification:_identify(client_modules/wake/ivw_record_sample/files/logan_cache) by extension 'cmake'
[0.217s] Level 1:colcon.colcon_core.package_identification:_identify(client_modules/wake/ivw_record_sample/files/logan_cache) by extension 'python'
[0.217s] Level 1:colcon.colcon_core.package_identification:_identify(client_modules/wake/ivw_record_sample/files/logan_cache) by extensions ['python_setup_py']
[0.217s] Level 1:colcon.colcon_core.package_identification:_identify(client_modules/wake/ivw_record_sample/files/logan_cache) by extension 'python_setup_py'
[0.217s] Level 1:colcon.colcon_core.package_identification:_identify(client_modules/wake/libs) by extensions ['ignore', 'ignore_ament_install']
[0.218s] Level 1:colcon.colcon_core.package_identification:_identify(client_modules/wake/libs) by extension 'ignore'
[0.218s] Level 1:colcon.colcon_core.package_identification:_identify(client_modules/wake/libs) by extension 'ignore_ament_install'
[0.218s] Level 1:colcon.colcon_core.package_identification:_identify(client_modules/wake/libs) by extensions ['colcon_pkg']
[0.218s] Level 1:colcon.colcon_core.package_identification:_identify(client_modules/wake/libs) by extension 'colcon_pkg'
[0.218s] Level 1:colcon.colcon_core.package_identification:_identify(client_modules/wake/libs) by extensions ['colcon_meta']
[0.218s] Level 1:colcon.colcon_core.package_identification:_identify(client_modules/wake/libs) by extension 'colcon_meta'
[0.218s] Level 1:colcon.colcon_core.package_identification:_identify(client_modules/wake/libs) by extensions ['ros']
[0.218s] Level 1:colcon.colcon_core.package_identification:_identify(client_modules/wake/libs) by extension 'ros'
[0.218s] Level 1:colcon.colcon_core.package_identification:_identify(client_modules/wake/libs) by extensions ['cmake', 'python']
[0.218s] Level 1:colcon.colcon_core.package_identification:_identify(client_modules/wake/libs) by extension 'cmake'
[0.218s] Level 1:colcon.colcon_core.package_identification:_identify(client_modules/wake/libs) by extension 'python'
[0.218s] Level 1:colcon.colcon_core.package_identification:_identify(client_modules/wake/libs) by extensions ['python_setup_py']
[0.218s] Level 1:colcon.colcon_core.package_identification:_identify(client_modules/wake/libs) by extension 'python_setup_py'
[0.218s] Level 1:colcon.colcon_core.package_identification:_identify(client_modules/welcome) by extensions ['ignore', 'ignore_ament_install']
[0.218s] Level 1:colcon.colcon_core.package_identification:_identify(client_modules/welcome) by extension 'ignore'
[0.218s] Level 1:colcon.colcon_core.package_identification:_identify(client_modules/welcome) by extension 'ignore_ament_install'
[0.218s] Level 1:colcon.colcon_core.package_identification:_identify(client_modules/welcome) by extensions ['colcon_pkg']
[0.218s] Level 1:colcon.colcon_core.package_identification:_identify(client_modules/welcome) by extension 'colcon_pkg'
[0.218s] Level 1:colcon.colcon_core.package_identification:_identify(client_modules/welcome) by extensions ['colcon_meta']
[0.218s] Level 1:colcon.colcon_core.package_identification:_identify(client_modules/welcome) by extension 'colcon_meta'
[0.218s] Level 1:colcon.colcon_core.package_identification:_identify(client_modules/welcome) by extensions ['ros']
[0.218s] Level 1:colcon.colcon_core.package_identification:_identify(client_modules/welcome) by extension 'ros'
[0.218s] Level 1:colcon.colcon_core.package_identification:_identify(client_modules/welcome) by extensions ['cmake', 'python']
[0.218s] Level 1:colcon.colcon_core.package_identification:_identify(client_modules/welcome) by extension 'cmake'
[0.218s] Level 1:colcon.colcon_core.package_identification:_identify(client_modules/welcome) by extension 'python'
[0.218s] Level 1:colcon.colcon_core.package_identification:_identify(client_modules/welcome) by extensions ['python_setup_py']
[0.218s] Level 1:colcon.colcon_core.package_identification:_identify(client_modules/welcome) by extension 'python_setup_py'
[0.218s] Level 1:colcon.colcon_core.package_identification:_identify(client_modules/welcome/__pycache__) by extensions ['ignore', 'ignore_ament_install']
[0.218s] Level 1:colcon.colcon_core.package_identification:_identify(client_modules/welcome/__pycache__) by extension 'ignore'
[0.218s] Level 1:colcon.colcon_core.package_identification:_identify(client_modules/welcome/__pycache__) by extension 'ignore_ament_install'
[0.218s] Level 1:colcon.colcon_core.package_identification:_identify(client_modules/welcome/__pycache__) by extensions ['colcon_pkg']
[0.218s] Level 1:colcon.colcon_core.package_identification:_identify(client_modules/welcome/__pycache__) by extension 'colcon_pkg'
[0.218s] Level 1:colcon.colcon_core.package_identification:_identify(client_modules/welcome/__pycache__) by extensions ['colcon_meta']
[0.219s] Level 1:colcon.colcon_core.package_identification:_identify(client_modules/welcome/__pycache__) by extension 'colcon_meta'
[0.219s] Level 1:colcon.colcon_core.package_identification:_identify(client_modules/welcome/__pycache__) by extensions ['ros']
[0.219s] Level 1:colcon.colcon_core.package_identification:_identify(client_modules/welcome/__pycache__) by extension 'ros'
[0.219s] Level 1:colcon.colcon_core.package_identification:_identify(client_modules/welcome/__pycache__) by extensions ['cmake', 'python']
[0.219s] Level 1:colcon.colcon_core.package_identification:_identify(client_modules/welcome/__pycache__) by extension 'cmake'
[0.219s] Level 1:colcon.colcon_core.package_identification:_identify(client_modules/welcome/__pycache__) by extension 'python'
[0.219s] Level 1:colcon.colcon_core.package_identification:_identify(client_modules/welcome/__pycache__) by extensions ['python_setup_py']
[0.219s] Level 1:colcon.colcon_core.package_identification:_identify(client_modules/welcome/__pycache__) by extension 'python_setup_py'
[0.219s] Level 1:colcon.colcon_core.package_identification:_identify(client_modules/welcome/welcome_audio) by extensions ['ignore', 'ignore_ament_install']
[0.219s] Level 1:colcon.colcon_core.package_identification:_identify(client_modules/welcome/welcome_audio) by extension 'ignore'
[0.219s] Level 1:colcon.colcon_core.package_identification:_identify(client_modules/welcome/welcome_audio) by extension 'ignore_ament_install'
[0.219s] Level 1:colcon.colcon_core.package_identification:_identify(client_modules/welcome/welcome_audio) by extensions ['colcon_pkg']
[0.219s] Level 1:colcon.colcon_core.package_identification:_identify(client_modules/welcome/welcome_audio) by extension 'colcon_pkg'
[0.219s] Level 1:colcon.colcon_core.package_identification:_identify(client_modules/welcome/welcome_audio) by extensions ['colcon_meta']
[0.219s] Level 1:colcon.colcon_core.package_identification:_identify(client_modules/welcome/welcome_audio) by extension 'colcon_meta'
[0.219s] Level 1:colcon.colcon_core.package_identification:_identify(client_modules/welcome/welcome_audio) by extensions ['ros']
[0.219s] Level 1:colcon.colcon_core.package_identification:_identify(client_modules/welcome/welcome_audio) by extension 'ros'
[0.219s] Level 1:colcon.colcon_core.package_identification:_identify(client_modules/welcome/welcome_audio) by extensions ['cmake', 'python']
[0.219s] Level 1:colcon.colcon_core.package_identification:_identify(client_modules/welcome/welcome_audio) by extension 'cmake'
[0.219s] Level 1:colcon.colcon_core.package_identification:_identify(client_modules/welcome/welcome_audio) by extension 'python'
[0.219s] Level 1:colcon.colcon_core.package_identification:_identify(client_modules/welcome/welcome_audio) by extensions ['python_setup_py']
[0.219s] Level 1:colcon.colcon_core.package_identification:_identify(client_modules/welcome/welcome_audio) by extension 'python_setup_py'
[0.219s] Level 1:colcon.colcon_core.package_identification:_identify(fix_aud_male) by extensions ['ignore', 'ignore_ament_install']
[0.219s] Level 1:colcon.colcon_core.package_identification:_identify(fix_aud_male) by extension 'ignore'
[0.219s] Level 1:colcon.colcon_core.package_identification:_identify(fix_aud_male) by extension 'ignore_ament_install'
[0.219s] Level 1:colcon.colcon_core.package_identification:_identify(fix_aud_male) by extensions ['colcon_pkg']
[0.220s] Level 1:colcon.colcon_core.package_identification:_identify(fix_aud_male) by extension 'colcon_pkg'
[0.220s] Level 1:colcon.colcon_core.package_identification:_identify(fix_aud_male) by extensions ['colcon_meta']
[0.220s] Level 1:colcon.colcon_core.package_identification:_identify(fix_aud_male) by extension 'colcon_meta'
[0.220s] Level 1:colcon.colcon_core.package_identification:_identify(fix_aud_male) by extensions ['ros']
[0.220s] Level 1:colcon.colcon_core.package_identification:_identify(fix_aud_male) by extension 'ros'
[0.220s] Level 1:colcon.colcon_core.package_identification:_identify(fix_aud_male) by extensions ['cmake', 'python']
[0.220s] Level 1:colcon.colcon_core.package_identification:_identify(fix_aud_male) by extension 'cmake'
[0.220s] Level 1:colcon.colcon_core.package_identification:_identify(fix_aud_male) by extension 'python'
[0.220s] Level 1:colcon.colcon_core.package_identification:_identify(fix_aud_male) by extensions ['python_setup_py']
[0.220s] Level 1:colcon.colcon_core.package_identification:_identify(fix_aud_male) by extension 'python_setup_py'
[0.220s] Level 1:colcon.colcon_core.package_identification:_identify(install) by extensions ['ignore', 'ignore_ament_install']
[0.220s] Level 1:colcon.colcon_core.package_identification:_identify(install) by extension 'ignore'
[0.220s] Level 1:colcon.colcon_core.package_identification:_identify(install) ignored
[0.220s] Level 1:colcon.colcon_core.package_identification:_identify(log) by extensions ['ignore', 'ignore_ament_install']
[0.220s] Level 1:colcon.colcon_core.package_identification:_identify(log) by extension 'ignore'
[0.220s] Level 1:colcon.colcon_core.package_identification:_identify(log) ignored
[0.220s] Level 1:colcon.colcon_core.package_identification:_identify(module) by extensions ['ignore', 'ignore_ament_install']
[0.220s] Level 1:colcon.colcon_core.package_identification:_identify(module) by extension 'ignore'
[0.220s] Level 1:colcon.colcon_core.package_identification:_identify(module) by extension 'ignore_ament_install'
[0.220s] Level 1:colcon.colcon_core.package_identification:_identify(module) by extensions ['colcon_pkg']
[0.220s] Level 1:colcon.colcon_core.package_identification:_identify(module) by extension 'colcon_pkg'
[0.220s] Level 1:colcon.colcon_core.package_identification:_identify(module) by extensions ['colcon_meta']
[0.220s] Level 1:colcon.colcon_core.package_identification:_identify(module) by extension 'colcon_meta'
[0.220s] Level 1:colcon.colcon_core.package_identification:_identify(module) by extensions ['ros']
[0.220s] Level 1:colcon.colcon_core.package_identification:_identify(module) by extension 'ros'
[0.220s] Level 1:colcon.colcon_core.package_identification:_identify(module) by extensions ['cmake', 'python']
[0.220s] Level 1:colcon.colcon_core.package_identification:_identify(module) by extension 'cmake'
[0.220s] Level 1:colcon.colcon_core.package_identification:_identify(module) by extension 'python'
[0.220s] Level 1:colcon.colcon_core.package_identification:_identify(module) by extensions ['python_setup_py']
[0.220s] Level 1:colcon.colcon_core.package_identification:_identify(module) by extension 'python_setup_py'
[0.220s] Level 1:colcon.colcon_core.package_identification:_identify(module/__pycache__) by extensions ['ignore', 'ignore_ament_install']
[0.221s] Level 1:colcon.colcon_core.package_identification:_identify(module/__pycache__) by extension 'ignore'
[0.221s] Level 1:colcon.colcon_core.package_identification:_identify(module/__pycache__) by extension 'ignore_ament_install'
[0.221s] Level 1:colcon.colcon_core.package_identification:_identify(module/__pycache__) by extensions ['colcon_pkg']
[0.221s] Level 1:colcon.colcon_core.package_identification:_identify(module/__pycache__) by extension 'colcon_pkg'
[0.221s] Level 1:colcon.colcon_core.package_identification:_identify(module/__pycache__) by extensions ['colcon_meta']
[0.221s] Level 1:colcon.colcon_core.package_identification:_identify(module/__pycache__) by extension 'colcon_meta'
[0.221s] Level 1:colcon.colcon_core.package_identification:_identify(module/__pycache__) by extensions ['ros']
[0.221s] Level 1:colcon.colcon_core.package_identification:_identify(module/__pycache__) by extension 'ros'
[0.221s] Level 1:colcon.colcon_core.package_identification:_identify(module/__pycache__) by extensions ['cmake', 'python']
[0.221s] Level 1:colcon.colcon_core.package_identification:_identify(module/__pycache__) by extension 'cmake'
[0.221s] Level 1:colcon.colcon_core.package_identification:_identify(module/__pycache__) by extension 'python'
[0.221s] Level 1:colcon.colcon_core.package_identification:_identify(module/__pycache__) by extensions ['python_setup_py']
[0.221s] Level 1:colcon.colcon_core.package_identification:_identify(module/__pycache__) by extension 'python_setup_py'
[0.221s] Level 1:colcon.colcon_core.package_identification:_identify(tmp) by extensions ['ignore', 'ignore_ament_install']
[0.221s] Level 1:colcon.colcon_core.package_identification:_identify(tmp) by extension 'ignore'
[0.221s] Level 1:colcon.colcon_core.package_identification:_identify(tmp) by extension 'ignore_ament_install'
[0.221s] Level 1:colcon.colcon_core.package_identification:_identify(tmp) by extensions ['colcon_pkg']
[0.221s] Level 1:colcon.colcon_core.package_identification:_identify(tmp) by extension 'colcon_pkg'
[0.221s] Level 1:colcon.colcon_core.package_identification:_identify(tmp) by extensions ['colcon_meta']
[0.221s] Level 1:colcon.colcon_core.package_identification:_identify(tmp) by extension 'colcon_meta'
[0.221s] Level 1:colcon.colcon_core.package_identification:_identify(tmp) by extensions ['ros']
[0.221s] Level 1:colcon.colcon_core.package_identification:_identify(tmp) by extension 'ros'
[0.221s] Level 1:colcon.colcon_core.package_identification:_identify(tmp) by extensions ['cmake', 'python']
[0.221s] Level 1:colcon.colcon_core.package_identification:_identify(tmp) by extension 'cmake'
[0.221s] Level 1:colcon.colcon_core.package_identification:_identify(tmp) by extension 'python'
[0.221s] Level 1:colcon.colcon_core.package_identification:_identify(tmp) by extensions ['python_setup_py']
[0.221s] Level 1:colcon.colcon_core.package_identification:_identify(tmp) by extension 'python_setup_py'
[0.221s] Level 1:colcon.colcon_core.package_discovery:discover_packages(recursive) using defaults
[0.221s] Level 1:colcon.colcon_core.package_discovery:discover_packages(ignore) discover
[0.221s] Level 1:colcon.colcon_core.package_discovery:discover_packages(ignore) using defaults
[0.221s] Level 1:colcon.colcon_core.package_discovery:discover_packages(path) discover
[0.221s] Level 1:colcon.colcon_core.package_discovery:discover_packages(path) using defaults
[0.222s] WARNING:colcon.colcon_core.package_selection:ignoring unknown package 'ymrobot_msgs' in --packages-select
[0.245s] Level 1:colcon.colcon_core.package_discovery:discover_packages(prefix_path) check parameters
[0.245s] Level 1:colcon.colcon_core.package_discovery:discover_packages(prefix_path) discover
[0.248s] DEBUG:colcon.colcon_installed_package_information.package_discovery:Found 26 installed packages in /home/ymrobot/ros2_ws_guidance/install
[0.249s] DEBUG:colcon.colcon_installed_package_information.package_discovery:Found 422 installed packages in /opt/ros/humble
[0.250s] Level 1:colcon.colcon_core.package_discovery:discover_packages(prefix_path) using defaults
[0.321s] INFO:colcon.colcon_core.executor:Executing jobs using 'parallel' executor
[0.322s] DEBUG:colcon.colcon_parallel_executor.executor.parallel:run_until_complete
[0.322s] DEBUG:colcon.colcon_parallel_executor.executor.parallel:closing loop
[0.323s] DEBUG:colcon.colcon_parallel_executor.executor.parallel:loop closed
[0.323s] DEBUG:colcon.colcon_parallel_executor.executor.parallel:run_until_complete finished with '0'
[0.323s] DEBUG:colcon.colcon_core.event_reactor:joining thread
[0.329s] INFO:colcon.colcon_core.plugin_system:Skipping extension 'colcon_notification.desktop_notification.terminal_notifier': Not used on non-Darwin systems
[0.329s] INFO:colcon.colcon_core.plugin_system:Skipping extension 'colcon_notification.desktop_notification.win32': Not used on non-Windows systems
[0.329s] INFO:colcon.colcon_notification.desktop_notification:Sending desktop notification using 'notify2'
[0.340s] DEBUG:colcon.colcon_core.event_reactor:joined thread
[0.343s] INFO:colcon.colcon_core.plugin_system:Skipping extension 'colcon_core.shell.bat': Not used on non-Windows systems
[0.343s] INFO:colcon.colcon_core.shell:Creating prefix script '/home/ymrobot/ros2_ws_guidance/src/aud_conver/aud_conver/install/local_setup.ps1'
[0.344s] INFO:colcon.colcon_core.shell:Creating prefix util module '/home/ymrobot/ros2_ws_guidance/src/aud_conver/aud_conver/install/_local_setup_util_ps1.py'
[0.346s] INFO:colcon.colcon_core.shell:Creating prefix chain script '/home/ymrobot/ros2_ws_guidance/src/aud_conver/aud_conver/install/setup.ps1'
[0.348s] INFO:colcon.colcon_core.shell:Creating prefix script '/home/ymrobot/ros2_ws_guidance/src/aud_conver/aud_conver/install/local_setup.sh'
[0.349s] INFO:colcon.colcon_core.shell:Creating prefix util module '/home/ymrobot/ros2_ws_guidance/src/aud_conver/aud_conver/install/_local_setup_util_sh.py'
[0.350s] INFO:colcon.colcon_core.shell:Creating prefix chain script '/home/ymrobot/ros2_ws_guidance/src/aud_conver/aud_conver/install/setup.sh'
[0.355s] INFO:colcon.colcon_core.shell:Creating prefix script '/home/ymrobot/ros2_ws_guidance/src/aud_conver/aud_conver/install/local_setup.bash'
[0.356s] INFO:colcon.colcon_core.shell:Creating prefix chain script '/home/ymrobot/ros2_ws_guidance/src/aud_conver/aud_conver/install/setup.bash'
[0.358s] INFO:colcon.colcon_core.shell:Creating prefix script '/home/ymrobot/ros2_ws_guidance/src/aud_conver/aud_conver/install/local_setup.zsh'
[0.359s] INFO:colcon.colcon_core.shell:Creating prefix chain script '/home/ymrobot/ros2_ws_guidance/src/aud_conver/aud_conver/install/setup.zsh'
