[0.009s] Invoking command in '/home/ymrobot/ros2_ws_guidance/src/aoa_tracking/build/aoa_tracking': CMAKE_PREFIX_PATH=${CMAKE_PREFIX_PATH}:/home/ymrobot/ros2_ws_guidance/install/play_mp3_action:/home/ymrobot/ros2_ws_guidance/install/aud_conver:/home/ymrobot/ros2_ws_guidance/install/ymbot_xiaoxue_description:/home/ymrobot/ros2_ws_guidance/install/pedestrian_detector_node:/home/ymrobot/ros2_ws_guidance/install/log_uploader_node:/opt/ros/humble /usr/bin/cmake --build /home/ymrobot/ros2_ws_guidance/src/aoa_tracking/build/aoa_tracking -- -j20 -l20
[0.027s] -- Found ament_cmake: 1.3.12 (/opt/ros/humble/share/ament_cmake/cmake)
[0.104s] -- Found rclcpp: 16.0.14 (/opt/ros/humble/share/rclcpp/cmake)
[0.119s] -- Found rosidl_generator_c: 3.1.7 (/opt/ros/humble/share/rosidl_generator_c/cmake)
[0.121s] -- Found rosidl_adapter: 3.1.7 (/opt/ros/humble/share/rosidl_adapter/cmake)
[0.124s] -- Found rosidl_generator_cpp: 3.1.7 (/opt/ros/humble/share/rosidl_generator_cpp/cmake)
[0.129s] -- Using all available rosidl_typesupport_c: rosidl_typesupport_fastrtps_c;rosidl_typesupport_introspection_c
[0.136s] -- Using all available rosidl_typesupport_cpp: rosidl_typesupport_fastrtps_cpp;rosidl_typesupport_introspection_cpp
[0.154s] -- Found rmw_implementation_cmake: 6.1.2 (/opt/ros/humble/share/rmw_implementation_cmake/cmake)
[0.155s] -- Found rmw_fastrtps_cpp: 6.2.8 (/opt/ros/humble/share/rmw_fastrtps_cpp/cmake)
[0.230s] -- Using RMW implementation 'rmw_fastrtps_cpp' as default
[0.256s] -- Found ymrobot_msgs: 0.0.0 (/home/ymrobot/ros2_ws_guidance/install/ymrobot_msgs/share/ymrobot_msgs/cmake)
[0.291s] -- Found serial: 1.2.1 (/usr/local/share/serial/cmake)
[0.293s] -- Found ament_lint_auto: 0.12.14 (/opt/ros/humble/share/ament_lint_auto/cmake)
[0.339s] -- Added test 'cppcheck' to perform static code analysis on C / C++ code
[0.339s] -- Configured cppcheck include dirs: /home/ymrobot/ros2_ws_guidance/src/aoa_tracking/include/aoa_tracking
[0.339s] -- Configured cppcheck exclude dirs and/or files: 
[0.340s] -- Added test 'flake8' to check Python code syntax and style conventions
[0.342s] -- Added test 'lint_cmake' to check CMake code style
[0.343s] -- Added test 'pep257' to check Python code against some of the docstring style conventions in PEP 257
[0.349s] -- Added test 'uncrustify' to check C / C++ code style
[0.349s] -- Configured uncrustify additional arguments: 
[0.350s] -- Added test 'xmllint' to check XML markup files
[0.351s] -- Configuring done
[0.356s] -- Generating done
[0.359s] -- Build files have been written to: /home/ymrobot/ros2_ws_guidance/src/aoa_tracking/build/aoa_tracking
[0.377s] [35m[1mConsolidate compiler generated dependencies of target aoa_tracking_node[0m
[0.389s] [100%] Built target aoa_tracking_node
[0.397s] Invoked command in '/home/ymrobot/ros2_ws_guidance/src/aoa_tracking/build/aoa_tracking' returned '0': CMAKE_PREFIX_PATH=${CMAKE_PREFIX_PATH}:/home/ymrobot/ros2_ws_guidance/install/play_mp3_action:/home/ymrobot/ros2_ws_guidance/install/aud_conver:/home/ymrobot/ros2_ws_guidance/install/ymbot_xiaoxue_description:/home/ymrobot/ros2_ws_guidance/install/pedestrian_detector_node:/home/ymrobot/ros2_ws_guidance/install/log_uploader_node:/opt/ros/humble /usr/bin/cmake --build /home/ymrobot/ros2_ws_guidance/src/aoa_tracking/build/aoa_tracking -- -j20 -l20
[0.405s] Invoking command in '/home/ymrobot/ros2_ws_guidance/src/aoa_tracking/build/aoa_tracking': CMAKE_PREFIX_PATH=${CMAKE_PREFIX_PATH}:/home/ymrobot/ros2_ws_guidance/install/play_mp3_action:/home/ymrobot/ros2_ws_guidance/install/aud_conver:/home/ymrobot/ros2_ws_guidance/install/ymbot_xiaoxue_description:/home/ymrobot/ros2_ws_guidance/install/pedestrian_detector_node:/home/ymrobot/ros2_ws_guidance/install/log_uploader_node:/opt/ros/humble /usr/bin/cmake --install /home/ymrobot/ros2_ws_guidance/src/aoa_tracking/build/aoa_tracking
[0.410s] -- Install configuration: ""
[0.410s] -- Up-to-date: /home/ymrobot/ros2_ws_guidance/src/aoa_tracking/install/aoa_tracking/lib/aoa_tracking/aoa_tracking_node
[0.410s] -- Up-to-date: /home/ymrobot/ros2_ws_guidance/src/aoa_tracking/install/aoa_tracking/share/ament_index/resource_index/package_run_dependencies/aoa_tracking
[0.410s] -- Up-to-date: /home/ymrobot/ros2_ws_guidance/src/aoa_tracking/install/aoa_tracking/share/ament_index/resource_index/parent_prefix_path/aoa_tracking
[0.410s] -- Up-to-date: /home/ymrobot/ros2_ws_guidance/src/aoa_tracking/install/aoa_tracking/share/aoa_tracking/environment/ament_prefix_path.sh
[0.410s] -- Installing: /home/ymrobot/ros2_ws_guidance/src/aoa_tracking/install/aoa_tracking/share/aoa_tracking/environment/ament_prefix_path.dsv
[0.410s] -- Up-to-date: /home/ymrobot/ros2_ws_guidance/src/aoa_tracking/install/aoa_tracking/share/aoa_tracking/environment/path.sh
[0.410s] -- Installing: /home/ymrobot/ros2_ws_guidance/src/aoa_tracking/install/aoa_tracking/share/aoa_tracking/environment/path.dsv
[0.411s] -- Up-to-date: /home/ymrobot/ros2_ws_guidance/src/aoa_tracking/install/aoa_tracking/share/aoa_tracking/local_setup.bash
[0.411s] -- Up-to-date: /home/ymrobot/ros2_ws_guidance/src/aoa_tracking/install/aoa_tracking/share/aoa_tracking/local_setup.sh
[0.411s] -- Up-to-date: /home/ymrobot/ros2_ws_guidance/src/aoa_tracking/install/aoa_tracking/share/aoa_tracking/local_setup.zsh
[0.411s] -- Installing: /home/ymrobot/ros2_ws_guidance/src/aoa_tracking/install/aoa_tracking/share/aoa_tracking/local_setup.dsv
[0.411s] -- Installing: /home/ymrobot/ros2_ws_guidance/src/aoa_tracking/install/aoa_tracking/share/aoa_tracking/package.dsv
[0.411s] -- Up-to-date: /home/ymrobot/ros2_ws_guidance/src/aoa_tracking/install/aoa_tracking/share/ament_index/resource_index/packages/aoa_tracking
[0.411s] -- Up-to-date: /home/ymrobot/ros2_ws_guidance/src/aoa_tracking/install/aoa_tracking/share/aoa_tracking/cmake/aoa_trackingConfig.cmake
[0.411s] -- Up-to-date: /home/ymrobot/ros2_ws_guidance/src/aoa_tracking/install/aoa_tracking/share/aoa_tracking/cmake/aoa_trackingConfig-version.cmake
[0.411s] -- Up-to-date: /home/ymrobot/ros2_ws_guidance/src/aoa_tracking/install/aoa_tracking/share/aoa_tracking/package.xml
[0.412s] Invoked command in '/home/ymrobot/ros2_ws_guidance/src/aoa_tracking/build/aoa_tracking' returned '0': CMAKE_PREFIX_PATH=${CMAKE_PREFIX_PATH}:/home/ymrobot/ros2_ws_guidance/install/play_mp3_action:/home/ymrobot/ros2_ws_guidance/install/aud_conver:/home/ymrobot/ros2_ws_guidance/install/ymbot_xiaoxue_description:/home/ymrobot/ros2_ws_guidance/install/pedestrian_detector_node:/home/ymrobot/ros2_ws_guidance/install/log_uploader_node:/opt/ros/humble /usr/bin/cmake --install /home/ymrobot/ros2_ws_guidance/src/aoa_tracking/build/aoa_tracking
