[35m[1mConsolidate compiler generated dependencies of target aoa_tracking_node[0m
[ 50%] [32mBuilding CXX object CMakeFiles/aoa_tracking_node.dir/src/aoa_tracking_node.cpp.o[0m
[01m[K/home/ymrobot/ros2_ws_guidance/src/aoa_tracking/src/aoa_tracking_node.cpp:[m[K In member function ‘[01m[Kvoid ymrobot::AoaTracking::processSerial1Data(const uint8_t*, size_t)[m[K’:
[01m[K/home/ymrobot/ros2_ws_guidance/src/aoa_tracking/src/aoa_tracking_node.cpp:77:48:[m[K [01;31m[Kerror: [m[Kcould not convert ‘[01m[K((ymrobot::AoaTracking*)this)->ymrobot::AoaTracking::isValidFrame(last_frame)[m[K’ from ‘[01m[Kvoid[m[K’ to ‘[01m[Kbool[m[K’
   77 |         if (!last_frame.empty() && [01;31m[KisValidFrame(last_frame)[m[K) {
      |                                    [01;31m[K~~~~~~~~~~~~^~~~~~~~~~~~[m[K
[01m[K/home/ymrobot/ros2_ws_guidance/src/aoa_tracking/src/aoa_tracking_node.cpp:[m[K At global scope:
[01m[K/home/ymrobot/ros2_ws_guidance/src/aoa_tracking/src/aoa_tracking_node.cpp:110:8:[m[K [01;31m[Kerror: [m[Kno declaration matches ‘[01m[Kbool ymrobot::AoaTracking::isValidFrame(const string&)[m[K’
  110 |   bool [01;31m[KAoaTracking[m[K::isValidFrame(const std::string& frame)
      |        [01;31m[K^~~~~~~~~~~[m[K
In file included from [01m[K/home/ymrobot/ros2_ws_guidance/src/aoa_tracking/src/aoa_tracking_node.cpp:5[m[K:
[01m[K/home/ymrobot/ros2_ws_guidance/src/aoa_tracking/include/aoa_tracking/aoa_tracking_node.hpp:21:12:[m[K [01;36m[Knote: [m[Kcandidate is: ‘[01m[Kvoid ymrobot::AoaTracking::isValidFrame(const string&)[m[K’
   21 |       void [01;36m[KisValidFrame[m[K(const std::string& frame);
      |            [01;36m[K^~~~~~~~~~~~[m[K
[01m[K/home/ymrobot/ros2_ws_guidance/src/aoa_tracking/include/aoa_tracking/aoa_tracking_node.hpp:13:9:[m[K [01;36m[Knote: [m[K‘[01m[Kclass ymrobot::AoaTracking[m[K’ defined here
   13 |   class [01;36m[KAoaTracking[m[K : public rclcpp::Node
      |         [01;36m[K^~~~~~~~~~~[m[K
gmake[2]: *** [CMakeFiles/aoa_tracking_node.dir/build.make:76：CMakeFiles/aoa_tracking_node.dir/src/aoa_tracking_node.cpp.o] 错误 1
gmake[1]: *** [CMakeFiles/Makefile2:137：CMakeFiles/aoa_tracking_node.dir/all] 错误 2
gmake: *** [Makefile:146：all] 错误 2
