[0.110s] DEBUG:colcon:Command line arguments: ['/usr/bin/colcon', 'build']
[0.110s] DEBUG:colcon:Parsed command line arguments: Namespace(log_base=None, log_level=None, verb_name='build', build_base='build', install_base='install', merge_install=False, symlink_install=False, test_result_base=None, continue_on_error=False, executor='parallel', parallel_workers=16, event_handlers=None, ignore_user_meta=False, metas=['./colcon.meta'], base_paths=['.'], packages_ignore=None, packages_ignore_regex=None, paths=None, packages_up_to=None, packages_up_to_regex=None, packages_above=None, packages_above_and_dependencies=None, packages_above_depth=None, packages_select_by_dep=None, packages_skip_by_dep=None, packages_skip_up_to=None, packages_select_build_failed=False, packages_skip_build_finished=False, packages_select_test_failures=False, packages_skip_test_passed=False, packages_select=None, packages_skip=None, packages_select_regex=None, packages_skip_regex=None, packages_start=None, packages_end=None, allow_overriding=[], cmake_args=None, cmake_target=None, cmake_target_skip_unavailable=False, cmake_clean_cache=False, cmake_clean_first=False, cmake_force_configure=False, ament_cmake_args=None, catkin_cmake_args=None, catkin_skip_building_tests=False, verb_parser=<colcon_defaults.argument_parser.defaults.DefaultArgumentsDecorator object at 0x77e16ad695a0>, verb_extension=<colcon_core.verb.build.BuildVerb object at 0x77e16ad69090>, main=<bound method BuildVerb.main of <colcon_core.verb.build.BuildVerb object at 0x77e16ad69090>>)
[0.354s] Level 1:colcon.colcon_core.package_discovery:discover_packages(colcon_meta) check parameters
[0.354s] Level 1:colcon.colcon_core.package_discovery:discover_packages(recursive) check parameters
[0.354s] Level 1:colcon.colcon_core.package_discovery:discover_packages(ignore) check parameters
[0.354s] Level 1:colcon.colcon_core.package_discovery:discover_packages(path) check parameters
[0.354s] Level 1:colcon.colcon_core.package_discovery:discover_packages(colcon_meta) discover
[0.354s] Level 1:colcon.colcon_core.package_discovery:discover_packages(recursive) discover
[0.354s] INFO:colcon.colcon_core.package_discovery:Crawling recursively for packages in '/home/ymrobot/ros2_ws_guidance/src/aud_conver/aud_conver/client_modules'
[0.355s] Level 1:colcon.colcon_core.package_identification:_identify(.) by extensions ['ignore', 'ignore_ament_install']
[0.355s] Level 1:colcon.colcon_core.package_identification:_identify(.) by extension 'ignore'
[0.355s] Level 1:colcon.colcon_core.package_identification:_identify(.) by extension 'ignore_ament_install'
[0.355s] Level 1:colcon.colcon_core.package_identification:_identify(.) by extensions ['colcon_pkg']
[0.355s] Level 1:colcon.colcon_core.package_identification:_identify(.) by extension 'colcon_pkg'
[0.355s] Level 1:colcon.colcon_core.package_identification:_identify(.) by extensions ['colcon_meta']
[0.355s] Level 1:colcon.colcon_core.package_identification:_identify(.) by extension 'colcon_meta'
[0.355s] Level 1:colcon.colcon_core.package_identification:_identify(.) by extensions ['ros']
[0.355s] Level 1:colcon.colcon_core.package_identification:_identify(.) by extension 'ros'
[0.372s] Level 1:colcon.colcon_core.package_identification:_identify(.) by extensions ['cmake', 'python']
[0.372s] Level 1:colcon.colcon_core.package_identification:_identify(.) by extension 'cmake'
[0.372s] Level 1:colcon.colcon_core.package_identification:_identify(.) by extension 'python'
[0.372s] Level 1:colcon.colcon_core.package_identification:_identify(.) by extensions ['python_setup_py']
[0.372s] Level 1:colcon.colcon_core.package_identification:_identify(.) by extension 'python_setup_py'
[0.372s] Level 1:colcon.colcon_core.package_identification:_identify(__pycache__) by extensions ['ignore', 'ignore_ament_install']
[0.372s] Level 1:colcon.colcon_core.package_identification:_identify(__pycache__) by extension 'ignore'
[0.372s] Level 1:colcon.colcon_core.package_identification:_identify(__pycache__) by extension 'ignore_ament_install'
[0.373s] Level 1:colcon.colcon_core.package_identification:_identify(__pycache__) by extensions ['colcon_pkg']
[0.373s] Level 1:colcon.colcon_core.package_identification:_identify(__pycache__) by extension 'colcon_pkg'
[0.373s] Level 1:colcon.colcon_core.package_identification:_identify(__pycache__) by extensions ['colcon_meta']
[0.373s] Level 1:colcon.colcon_core.package_identification:_identify(__pycache__) by extension 'colcon_meta'
[0.373s] Level 1:colcon.colcon_core.package_identification:_identify(__pycache__) by extensions ['ros']
[0.373s] Level 1:colcon.colcon_core.package_identification:_identify(__pycache__) by extension 'ros'
[0.373s] Level 1:colcon.colcon_core.package_identification:_identify(__pycache__) by extensions ['cmake', 'python']
[0.373s] Level 1:colcon.colcon_core.package_identification:_identify(__pycache__) by extension 'cmake'
[0.373s] Level 1:colcon.colcon_core.package_identification:_identify(__pycache__) by extension 'python'
[0.373s] Level 1:colcon.colcon_core.package_identification:_identify(__pycache__) by extensions ['python_setup_py']
[0.373s] Level 1:colcon.colcon_core.package_identification:_identify(__pycache__) by extension 'python_setup_py'
[0.373s] Level 1:colcon.colcon_core.package_identification:_identify(build) by extensions ['ignore', 'ignore_ament_install']
[0.373s] Level 1:colcon.colcon_core.package_identification:_identify(build) by extension 'ignore'
[0.373s] Level 1:colcon.colcon_core.package_identification:_identify(build) ignored
[0.373s] Level 1:colcon.colcon_core.package_identification:_identify(install) by extensions ['ignore', 'ignore_ament_install']
[0.374s] Level 1:colcon.colcon_core.package_identification:_identify(install) by extension 'ignore'
[0.374s] Level 1:colcon.colcon_core.package_identification:_identify(install) ignored
[0.374s] Level 1:colcon.colcon_core.package_identification:_identify(introduction) by extensions ['ignore', 'ignore_ament_install']
[0.374s] Level 1:colcon.colcon_core.package_identification:_identify(introduction) by extension 'ignore'
[0.374s] Level 1:colcon.colcon_core.package_identification:_identify(introduction) by extension 'ignore_ament_install'
[0.374s] Level 1:colcon.colcon_core.package_identification:_identify(introduction) by extensions ['colcon_pkg']
[0.374s] Level 1:colcon.colcon_core.package_identification:_identify(introduction) by extension 'colcon_pkg'
[0.374s] Level 1:colcon.colcon_core.package_identification:_identify(introduction) by extensions ['colcon_meta']
[0.374s] Level 1:colcon.colcon_core.package_identification:_identify(introduction) by extension 'colcon_meta'
[0.374s] Level 1:colcon.colcon_core.package_identification:_identify(introduction) by extensions ['ros']
[0.374s] Level 1:colcon.colcon_core.package_identification:_identify(introduction) by extension 'ros'
[0.374s] Level 1:colcon.colcon_core.package_identification:_identify(introduction) by extensions ['cmake', 'python']
[0.375s] Level 1:colcon.colcon_core.package_identification:_identify(introduction) by extension 'cmake'
[0.375s] Level 1:colcon.colcon_core.package_identification:_identify(introduction) by extension 'python'
[0.375s] Level 1:colcon.colcon_core.package_identification:_identify(introduction) by extensions ['python_setup_py']
[0.375s] Level 1:colcon.colcon_core.package_identification:_identify(introduction) by extension 'python_setup_py'
[0.375s] Level 1:colcon.colcon_core.package_identification:_identify(log) by extensions ['ignore', 'ignore_ament_install']
[0.375s] Level 1:colcon.colcon_core.package_identification:_identify(log) by extension 'ignore'
[0.375s] Level 1:colcon.colcon_core.package_identification:_identify(log) ignored
[0.375s] Level 1:colcon.colcon_core.package_identification:_identify(vspro_15) by extensions ['ignore', 'ignore_ament_install']
[0.375s] Level 1:colcon.colcon_core.package_identification:_identify(vspro_15) by extension 'ignore'
[0.375s] Level 1:colcon.colcon_core.package_identification:_identify(vspro_15) by extension 'ignore_ament_install'
[0.375s] Level 1:colcon.colcon_core.package_identification:_identify(vspro_15) by extensions ['colcon_pkg']
[0.375s] Level 1:colcon.colcon_core.package_identification:_identify(vspro_15) by extension 'colcon_pkg'
[0.375s] Level 1:colcon.colcon_core.package_identification:_identify(vspro_15) by extensions ['colcon_meta']
[0.375s] Level 1:colcon.colcon_core.package_identification:_identify(vspro_15) by extension 'colcon_meta'
[0.376s] Level 1:colcon.colcon_core.package_identification:_identify(vspro_15) by extensions ['ros']
[0.376s] Level 1:colcon.colcon_core.package_identification:_identify(vspro_15) by extension 'ros'
[0.376s] Level 1:colcon.colcon_core.package_identification:_identify(vspro_15) by extensions ['cmake', 'python']
[0.376s] Level 1:colcon.colcon_core.package_identification:_identify(vspro_15) by extension 'cmake'
[0.376s] Level 1:colcon.colcon_core.package_identification:_identify(vspro_15) by extension 'python'
[0.376s] Level 1:colcon.colcon_core.package_identification:_identify(vspro_15) by extensions ['python_setup_py']
[0.376s] Level 1:colcon.colcon_core.package_identification:_identify(vspro_15) by extension 'python_setup_py'
[0.376s] Level 1:colcon.colcon_core.package_identification:_identify(wake) by extensions ['ignore', 'ignore_ament_install']
[0.376s] Level 1:colcon.colcon_core.package_identification:_identify(wake) by extension 'ignore'
[0.376s] Level 1:colcon.colcon_core.package_identification:_identify(wake) by extension 'ignore_ament_install'
[0.376s] Level 1:colcon.colcon_core.package_identification:_identify(wake) by extensions ['colcon_pkg']
[0.376s] Level 1:colcon.colcon_core.package_identification:_identify(wake) by extension 'colcon_pkg'
[0.376s] Level 1:colcon.colcon_core.package_identification:_identify(wake) by extensions ['colcon_meta']
[0.376s] Level 1:colcon.colcon_core.package_identification:_identify(wake) by extension 'colcon_meta'
[0.376s] Level 1:colcon.colcon_core.package_identification:_identify(wake) by extensions ['ros']
[0.376s] Level 1:colcon.colcon_core.package_identification:_identify(wake) by extension 'ros'
[0.376s] Level 1:colcon.colcon_core.package_identification:_identify(wake) by extensions ['cmake', 'python']
[0.376s] Level 1:colcon.colcon_core.package_identification:_identify(wake) by extension 'cmake'
[0.376s] Level 1:colcon.colcon_core.package_identification:_identify(wake) by extension 'python'
[0.376s] Level 1:colcon.colcon_core.package_identification:_identify(wake) by extensions ['python_setup_py']
[0.377s] Level 1:colcon.colcon_core.package_identification:_identify(wake) by extension 'python_setup_py'
[0.377s] Level 1:colcon.colcon_core.package_identification:_identify(wake/bin) by extensions ['ignore', 'ignore_ament_install']
[0.377s] Level 1:colcon.colcon_core.package_identification:_identify(wake/bin) by extension 'ignore'
[0.377s] Level 1:colcon.colcon_core.package_identification:_identify(wake/bin) by extension 'ignore_ament_install'
[0.377s] Level 1:colcon.colcon_core.package_identification:_identify(wake/bin) by extensions ['colcon_pkg']
[0.377s] Level 1:colcon.colcon_core.package_identification:_identify(wake/bin) by extension 'colcon_pkg'
[0.377s] Level 1:colcon.colcon_core.package_identification:_identify(wake/bin) by extensions ['colcon_meta']
[0.377s] Level 1:colcon.colcon_core.package_identification:_identify(wake/bin) by extension 'colcon_meta'
[0.377s] Level 1:colcon.colcon_core.package_identification:_identify(wake/bin) by extensions ['ros']
[0.377s] Level 1:colcon.colcon_core.package_identification:_identify(wake/bin) by extension 'ros'
[0.377s] Level 1:colcon.colcon_core.package_identification:_identify(wake/bin) by extensions ['cmake', 'python']
[0.377s] Level 1:colcon.colcon_core.package_identification:_identify(wake/bin) by extension 'cmake'
[0.377s] Level 1:colcon.colcon_core.package_identification:_identify(wake/bin) by extension 'python'
[0.377s] Level 1:colcon.colcon_core.package_identification:_identify(wake/bin) by extensions ['python_setup_py']
[0.377s] Level 1:colcon.colcon_core.package_identification:_identify(wake/bin) by extension 'python_setup_py'
[0.377s] Level 1:colcon.colcon_core.package_identification:_identify(wake/bin/resource) by extensions ['ignore', 'ignore_ament_install']
[0.378s] Level 1:colcon.colcon_core.package_identification:_identify(wake/bin/resource) by extension 'ignore'
[0.378s] Level 1:colcon.colcon_core.package_identification:_identify(wake/bin/resource) by extension 'ignore_ament_install'
[0.378s] Level 1:colcon.colcon_core.package_identification:_identify(wake/bin/resource) by extensions ['colcon_pkg']
[0.378s] Level 1:colcon.colcon_core.package_identification:_identify(wake/bin/resource) by extension 'colcon_pkg'
[0.378s] Level 1:colcon.colcon_core.package_identification:_identify(wake/bin/resource) by extensions ['colcon_meta']
[0.378s] Level 1:colcon.colcon_core.package_identification:_identify(wake/bin/resource) by extension 'colcon_meta'
[0.378s] Level 1:colcon.colcon_core.package_identification:_identify(wake/bin/resource) by extensions ['ros']
[0.378s] Level 1:colcon.colcon_core.package_identification:_identify(wake/bin/resource) by extension 'ros'
[0.378s] Level 1:colcon.colcon_core.package_identification:_identify(wake/bin/resource) by extensions ['cmake', 'python']
[0.378s] Level 1:colcon.colcon_core.package_identification:_identify(wake/bin/resource) by extension 'cmake'
[0.378s] Level 1:colcon.colcon_core.package_identification:_identify(wake/bin/resource) by extension 'python'
[0.378s] Level 1:colcon.colcon_core.package_identification:_identify(wake/bin/resource) by extensions ['python_setup_py']
[0.378s] Level 1:colcon.colcon_core.package_identification:_identify(wake/bin/resource) by extension 'python_setup_py'
[0.378s] Level 1:colcon.colcon_core.package_identification:_identify(wake/include) by extensions ['ignore', 'ignore_ament_install']
[0.379s] Level 1:colcon.colcon_core.package_identification:_identify(wake/include) by extension 'ignore'
[0.379s] Level 1:colcon.colcon_core.package_identification:_identify(wake/include) by extension 'ignore_ament_install'
[0.379s] Level 1:colcon.colcon_core.package_identification:_identify(wake/include) by extensions ['colcon_pkg']
[0.379s] Level 1:colcon.colcon_core.package_identification:_identify(wake/include) by extension 'colcon_pkg'
[0.379s] Level 1:colcon.colcon_core.package_identification:_identify(wake/include) by extensions ['colcon_meta']
[0.379s] Level 1:colcon.colcon_core.package_identification:_identify(wake/include) by extension 'colcon_meta'
[0.379s] Level 1:colcon.colcon_core.package_identification:_identify(wake/include) by extensions ['ros']
[0.379s] Level 1:colcon.colcon_core.package_identification:_identify(wake/include) by extension 'ros'
[0.379s] Level 1:colcon.colcon_core.package_identification:_identify(wake/include) by extensions ['cmake', 'python']
[0.379s] Level 1:colcon.colcon_core.package_identification:_identify(wake/include) by extension 'cmake'
[0.379s] Level 1:colcon.colcon_core.package_identification:_identify(wake/include) by extension 'python'
[0.379s] Level 1:colcon.colcon_core.package_identification:_identify(wake/include) by extensions ['python_setup_py']
[0.379s] Level 1:colcon.colcon_core.package_identification:_identify(wake/include) by extension 'python_setup_py'
[0.379s] Level 1:colcon.colcon_core.package_identification:_identify(wake/ivw_record_sample) by extensions ['ignore', 'ignore_ament_install']
[0.380s] Level 1:colcon.colcon_core.package_identification:_identify(wake/ivw_record_sample) by extension 'ignore'
[0.380s] Level 1:colcon.colcon_core.package_identification:_identify(wake/ivw_record_sample) by extension 'ignore_ament_install'
[0.380s] Level 1:colcon.colcon_core.package_identification:_identify(wake/ivw_record_sample) by extensions ['colcon_pkg']
[0.380s] Level 1:colcon.colcon_core.package_identification:_identify(wake/ivw_record_sample) by extension 'colcon_pkg'
[0.380s] Level 1:colcon.colcon_core.package_identification:_identify(wake/ivw_record_sample) by extensions ['colcon_meta']
[0.380s] Level 1:colcon.colcon_core.package_identification:_identify(wake/ivw_record_sample) by extension 'colcon_meta'
[0.380s] Level 1:colcon.colcon_core.package_identification:_identify(wake/ivw_record_sample) by extensions ['ros']
[0.380s] Level 1:colcon.colcon_core.package_identification:_identify(wake/ivw_record_sample) by extension 'ros'
[0.380s] Level 1:colcon.colcon_core.package_identification:_identify(wake/ivw_record_sample) by extensions ['cmake', 'python']
[0.380s] Level 1:colcon.colcon_core.package_identification:_identify(wake/ivw_record_sample) by extension 'cmake'
[0.380s] Level 1:colcon.colcon_core.package_identification:_identify(wake/ivw_record_sample) by extension 'python'
[0.380s] Level 1:colcon.colcon_core.package_identification:_identify(wake/ivw_record_sample) by extensions ['python_setup_py']
[0.380s] Level 1:colcon.colcon_core.package_identification:_identify(wake/ivw_record_sample) by extension 'python_setup_py'
[0.380s] Level 1:colcon.colcon_core.package_identification:_identify(wake/ivw_record_sample/files) by extensions ['ignore', 'ignore_ament_install']
[0.380s] Level 1:colcon.colcon_core.package_identification:_identify(wake/ivw_record_sample/files) by extension 'ignore'
[0.380s] Level 1:colcon.colcon_core.package_identification:_identify(wake/ivw_record_sample/files) by extension 'ignore_ament_install'
[0.381s] Level 1:colcon.colcon_core.package_identification:_identify(wake/ivw_record_sample/files) by extensions ['colcon_pkg']
[0.381s] Level 1:colcon.colcon_core.package_identification:_identify(wake/ivw_record_sample/files) by extension 'colcon_pkg'
[0.381s] Level 1:colcon.colcon_core.package_identification:_identify(wake/ivw_record_sample/files) by extensions ['colcon_meta']
[0.381s] Level 1:colcon.colcon_core.package_identification:_identify(wake/ivw_record_sample/files) by extension 'colcon_meta'
[0.381s] Level 1:colcon.colcon_core.package_identification:_identify(wake/ivw_record_sample/files) by extensions ['ros']
[0.381s] Level 1:colcon.colcon_core.package_identification:_identify(wake/ivw_record_sample/files) by extension 'ros'
[0.381s] Level 1:colcon.colcon_core.package_identification:_identify(wake/ivw_record_sample/files) by extensions ['cmake', 'python']
[0.381s] Level 1:colcon.colcon_core.package_identification:_identify(wake/ivw_record_sample/files) by extension 'cmake'
[0.381s] Level 1:colcon.colcon_core.package_identification:_identify(wake/ivw_record_sample/files) by extension 'python'
[0.381s] Level 1:colcon.colcon_core.package_identification:_identify(wake/ivw_record_sample/files) by extensions ['python_setup_py']
[0.381s] Level 1:colcon.colcon_core.package_identification:_identify(wake/ivw_record_sample/files) by extension 'python_setup_py'
[0.381s] Level 1:colcon.colcon_core.package_identification:_identify(wake/ivw_record_sample/files/ilog_v1) by extensions ['ignore', 'ignore_ament_install']
[0.381s] Level 1:colcon.colcon_core.package_identification:_identify(wake/ivw_record_sample/files/ilog_v1) by extension 'ignore'
[0.381s] Level 1:colcon.colcon_core.package_identification:_identify(wake/ivw_record_sample/files/ilog_v1) by extension 'ignore_ament_install'
[0.381s] Level 1:colcon.colcon_core.package_identification:_identify(wake/ivw_record_sample/files/ilog_v1) by extensions ['colcon_pkg']
[0.381s] Level 1:colcon.colcon_core.package_identification:_identify(wake/ivw_record_sample/files/ilog_v1) by extension 'colcon_pkg'
[0.381s] Level 1:colcon.colcon_core.package_identification:_identify(wake/ivw_record_sample/files/ilog_v1) by extensions ['colcon_meta']
[0.381s] Level 1:colcon.colcon_core.package_identification:_identify(wake/ivw_record_sample/files/ilog_v1) by extension 'colcon_meta'
[0.381s] Level 1:colcon.colcon_core.package_identification:_identify(wake/ivw_record_sample/files/ilog_v1) by extensions ['ros']
[0.381s] Level 1:colcon.colcon_core.package_identification:_identify(wake/ivw_record_sample/files/ilog_v1) by extension 'ros'
[0.382s] Level 1:colcon.colcon_core.package_identification:_identify(wake/ivw_record_sample/files/ilog_v1) by extensions ['cmake', 'python']
[0.382s] Level 1:colcon.colcon_core.package_identification:_identify(wake/ivw_record_sample/files/ilog_v1) by extension 'cmake'
[0.382s] Level 1:colcon.colcon_core.package_identification:_identify(wake/ivw_record_sample/files/ilog_v1) by extension 'python'
[0.382s] Level 1:colcon.colcon_core.package_identification:_identify(wake/ivw_record_sample/files/ilog_v1) by extensions ['python_setup_py']
[0.382s] Level 1:colcon.colcon_core.package_identification:_identify(wake/ivw_record_sample/files/ilog_v1) by extension 'python_setup_py'
[0.382s] Level 1:colcon.colcon_core.package_identification:_identify(wake/ivw_record_sample/files/logan_cache) by extensions ['ignore', 'ignore_ament_install']
[0.382s] Level 1:colcon.colcon_core.package_identification:_identify(wake/ivw_record_sample/files/logan_cache) by extension 'ignore'
[0.382s] Level 1:colcon.colcon_core.package_identification:_identify(wake/ivw_record_sample/files/logan_cache) by extension 'ignore_ament_install'
[0.382s] Level 1:colcon.colcon_core.package_identification:_identify(wake/ivw_record_sample/files/logan_cache) by extensions ['colcon_pkg']
[0.382s] Level 1:colcon.colcon_core.package_identification:_identify(wake/ivw_record_sample/files/logan_cache) by extension 'colcon_pkg'
[0.382s] Level 1:colcon.colcon_core.package_identification:_identify(wake/ivw_record_sample/files/logan_cache) by extensions ['colcon_meta']
[0.382s] Level 1:colcon.colcon_core.package_identification:_identify(wake/ivw_record_sample/files/logan_cache) by extension 'colcon_meta'
[0.382s] Level 1:colcon.colcon_core.package_identification:_identify(wake/ivw_record_sample/files/logan_cache) by extensions ['ros']
[0.382s] Level 1:colcon.colcon_core.package_identification:_identify(wake/ivw_record_sample/files/logan_cache) by extension 'ros'
[0.382s] Level 1:colcon.colcon_core.package_identification:_identify(wake/ivw_record_sample/files/logan_cache) by extensions ['cmake', 'python']
[0.383s] Level 1:colcon.colcon_core.package_identification:_identify(wake/ivw_record_sample/files/logan_cache) by extension 'cmake'
[0.383s] Level 1:colcon.colcon_core.package_identification:_identify(wake/ivw_record_sample/files/logan_cache) by extension 'python'
[0.383s] Level 1:colcon.colcon_core.package_identification:_identify(wake/ivw_record_sample/files/logan_cache) by extensions ['python_setup_py']
[0.383s] Level 1:colcon.colcon_core.package_identification:_identify(wake/ivw_record_sample/files/logan_cache) by extension 'python_setup_py'
[0.383s] Level 1:colcon.colcon_core.package_identification:_identify(wake/libs) by extensions ['ignore', 'ignore_ament_install']
[0.383s] Level 1:colcon.colcon_core.package_identification:_identify(wake/libs) by extension 'ignore'
[0.383s] Level 1:colcon.colcon_core.package_identification:_identify(wake/libs) by extension 'ignore_ament_install'
[0.383s] Level 1:colcon.colcon_core.package_identification:_identify(wake/libs) by extensions ['colcon_pkg']
[0.383s] Level 1:colcon.colcon_core.package_identification:_identify(wake/libs) by extension 'colcon_pkg'
[0.383s] Level 1:colcon.colcon_core.package_identification:_identify(wake/libs) by extensions ['colcon_meta']
[0.383s] Level 1:colcon.colcon_core.package_identification:_identify(wake/libs) by extension 'colcon_meta'
[0.383s] Level 1:colcon.colcon_core.package_identification:_identify(wake/libs) by extensions ['ros']
[0.383s] Level 1:colcon.colcon_core.package_identification:_identify(wake/libs) by extension 'ros'
[0.384s] Level 1:colcon.colcon_core.package_identification:_identify(wake/libs) by extensions ['cmake', 'python']
[0.384s] Level 1:colcon.colcon_core.package_identification:_identify(wake/libs) by extension 'cmake'
[0.384s] Level 1:colcon.colcon_core.package_identification:_identify(wake/libs) by extension 'python'
[0.384s] Level 1:colcon.colcon_core.package_identification:_identify(wake/libs) by extensions ['python_setup_py']
[0.384s] Level 1:colcon.colcon_core.package_identification:_identify(wake/libs) by extension 'python_setup_py'
[0.384s] Level 1:colcon.colcon_core.package_identification:_identify(welcome) by extensions ['ignore', 'ignore_ament_install']
[0.384s] Level 1:colcon.colcon_core.package_identification:_identify(welcome) by extension 'ignore'
[0.384s] Level 1:colcon.colcon_core.package_identification:_identify(welcome) by extension 'ignore_ament_install'
[0.384s] Level 1:colcon.colcon_core.package_identification:_identify(welcome) by extensions ['colcon_pkg']
[0.384s] Level 1:colcon.colcon_core.package_identification:_identify(welcome) by extension 'colcon_pkg'
[0.384s] Level 1:colcon.colcon_core.package_identification:_identify(welcome) by extensions ['colcon_meta']
[0.384s] Level 1:colcon.colcon_core.package_identification:_identify(welcome) by extension 'colcon_meta'
[0.384s] Level 1:colcon.colcon_core.package_identification:_identify(welcome) by extensions ['ros']
[0.384s] Level 1:colcon.colcon_core.package_identification:_identify(welcome) by extension 'ros'
[0.384s] Level 1:colcon.colcon_core.package_identification:_identify(welcome) by extensions ['cmake', 'python']
[0.384s] Level 1:colcon.colcon_core.package_identification:_identify(welcome) by extension 'cmake'
[0.385s] Level 1:colcon.colcon_core.package_identification:_identify(welcome) by extension 'python'
[0.385s] Level 1:colcon.colcon_core.package_identification:_identify(welcome) by extensions ['python_setup_py']
[0.385s] Level 1:colcon.colcon_core.package_identification:_identify(welcome) by extension 'python_setup_py'
[0.385s] Level 1:colcon.colcon_core.package_identification:_identify(welcome/__pycache__) by extensions ['ignore', 'ignore_ament_install']
[0.385s] Level 1:colcon.colcon_core.package_identification:_identify(welcome/__pycache__) by extension 'ignore'
[0.385s] Level 1:colcon.colcon_core.package_identification:_identify(welcome/__pycache__) by extension 'ignore_ament_install'
[0.385s] Level 1:colcon.colcon_core.package_identification:_identify(welcome/__pycache__) by extensions ['colcon_pkg']
[0.385s] Level 1:colcon.colcon_core.package_identification:_identify(welcome/__pycache__) by extension 'colcon_pkg'
[0.385s] Level 1:colcon.colcon_core.package_identification:_identify(welcome/__pycache__) by extensions ['colcon_meta']
[0.385s] Level 1:colcon.colcon_core.package_identification:_identify(welcome/__pycache__) by extension 'colcon_meta'
[0.385s] Level 1:colcon.colcon_core.package_identification:_identify(welcome/__pycache__) by extensions ['ros']
[0.385s] Level 1:colcon.colcon_core.package_identification:_identify(welcome/__pycache__) by extension 'ros'
[0.385s] Level 1:colcon.colcon_core.package_identification:_identify(welcome/__pycache__) by extensions ['cmake', 'python']
[0.385s] Level 1:colcon.colcon_core.package_identification:_identify(welcome/__pycache__) by extension 'cmake'
[0.385s] Level 1:colcon.colcon_core.package_identification:_identify(welcome/__pycache__) by extension 'python'
[0.385s] Level 1:colcon.colcon_core.package_identification:_identify(welcome/__pycache__) by extensions ['python_setup_py']
[0.385s] Level 1:colcon.colcon_core.package_identification:_identify(welcome/__pycache__) by extension 'python_setup_py'
[0.385s] Level 1:colcon.colcon_core.package_identification:_identify(welcome/welcome_audio) by extensions ['ignore', 'ignore_ament_install']
[0.385s] Level 1:colcon.colcon_core.package_identification:_identify(welcome/welcome_audio) by extension 'ignore'
[0.386s] Level 1:colcon.colcon_core.package_identification:_identify(welcome/welcome_audio) by extension 'ignore_ament_install'
[0.386s] Level 1:colcon.colcon_core.package_identification:_identify(welcome/welcome_audio) by extensions ['colcon_pkg']
[0.386s] Level 1:colcon.colcon_core.package_identification:_identify(welcome/welcome_audio) by extension 'colcon_pkg'
[0.386s] Level 1:colcon.colcon_core.package_identification:_identify(welcome/welcome_audio) by extensions ['colcon_meta']
[0.386s] Level 1:colcon.colcon_core.package_identification:_identify(welcome/welcome_audio) by extension 'colcon_meta'
[0.386s] Level 1:colcon.colcon_core.package_identification:_identify(welcome/welcome_audio) by extensions ['ros']
[0.386s] Level 1:colcon.colcon_core.package_identification:_identify(welcome/welcome_audio) by extension 'ros'
[0.386s] Level 1:colcon.colcon_core.package_identification:_identify(welcome/welcome_audio) by extensions ['cmake', 'python']
[0.386s] Level 1:colcon.colcon_core.package_identification:_identify(welcome/welcome_audio) by extension 'cmake'
[0.386s] Level 1:colcon.colcon_core.package_identification:_identify(welcome/welcome_audio) by extension 'python'
[0.386s] Level 1:colcon.colcon_core.package_identification:_identify(welcome/welcome_audio) by extensions ['python_setup_py']
[0.386s] Level 1:colcon.colcon_core.package_identification:_identify(welcome/welcome_audio) by extension 'python_setup_py'
[0.386s] Level 1:colcon.colcon_core.package_discovery:discover_packages(recursive) using defaults
[0.386s] Level 1:colcon.colcon_core.package_discovery:discover_packages(ignore) discover
[0.386s] Level 1:colcon.colcon_core.package_discovery:discover_packages(ignore) using defaults
[0.386s] Level 1:colcon.colcon_core.package_discovery:discover_packages(path) discover
[0.386s] Level 1:colcon.colcon_core.package_discovery:discover_packages(path) using defaults
[0.438s] Level 1:colcon.colcon_core.package_discovery:discover_packages(prefix_path) check parameters
[0.438s] Level 1:colcon.colcon_core.package_discovery:discover_packages(prefix_path) discover
[0.442s] DEBUG:colcon.colcon_installed_package_information.package_discovery:Found 22 installed packages in /home/ymrobot/ros2_ws_guidance/install
[0.444s] DEBUG:colcon.colcon_installed_package_information.package_discovery:Found 407 installed packages in /opt/ros/humble
[0.448s] Level 1:colcon.colcon_core.package_discovery:discover_packages(prefix_path) using defaults
[0.525s] INFO:colcon.colcon_core.executor:Executing jobs using 'parallel' executor
[0.527s] DEBUG:colcon.colcon_parallel_executor.executor.parallel:run_until_complete
[0.527s] DEBUG:colcon.colcon_parallel_executor.executor.parallel:closing loop
[0.527s] DEBUG:colcon.colcon_parallel_executor.executor.parallel:loop closed
[0.527s] DEBUG:colcon.colcon_parallel_executor.executor.parallel:run_until_complete finished with '0'
[0.527s] DEBUG:colcon.colcon_core.event_reactor:joining thread
[0.535s] INFO:colcon.colcon_core.plugin_system:Skipping extension 'colcon_notification.desktop_notification.terminal_notifier': Not used on non-Darwin systems
[0.535s] INFO:colcon.colcon_core.plugin_system:Skipping extension 'colcon_notification.desktop_notification.win32': Not used on non-Windows systems
[0.535s] INFO:colcon.colcon_notification.desktop_notification:Sending desktop notification using 'notify2'
[0.545s] DEBUG:colcon.colcon_core.event_reactor:joined thread
[0.547s] INFO:colcon.colcon_core.plugin_system:Skipping extension 'colcon_core.shell.bat': Not used on non-Windows systems
[0.548s] INFO:colcon.colcon_core.shell:Creating prefix script '/home/ymrobot/ros2_ws_guidance/src/aud_conver/aud_conver/client_modules/install/local_setup.ps1'
[0.549s] INFO:colcon.colcon_core.shell:Creating prefix util module '/home/ymrobot/ros2_ws_guidance/src/aud_conver/aud_conver/client_modules/install/_local_setup_util_ps1.py'
[0.551s] INFO:colcon.colcon_core.shell:Creating prefix chain script '/home/ymrobot/ros2_ws_guidance/src/aud_conver/aud_conver/client_modules/install/setup.ps1'
[0.554s] INFO:colcon.colcon_core.shell:Creating prefix script '/home/ymrobot/ros2_ws_guidance/src/aud_conver/aud_conver/client_modules/install/local_setup.sh'
[0.555s] INFO:colcon.colcon_core.shell:Creating prefix util module '/home/ymrobot/ros2_ws_guidance/src/aud_conver/aud_conver/client_modules/install/_local_setup_util_sh.py'
[0.555s] INFO:colcon.colcon_core.shell:Creating prefix chain script '/home/ymrobot/ros2_ws_guidance/src/aud_conver/aud_conver/client_modules/install/setup.sh'
[0.557s] INFO:colcon.colcon_core.shell:Creating prefix script '/home/ymrobot/ros2_ws_guidance/src/aud_conver/aud_conver/client_modules/install/local_setup.bash'
[0.558s] INFO:colcon.colcon_core.shell:Creating prefix chain script '/home/ymrobot/ros2_ws_guidance/src/aud_conver/aud_conver/client_modules/install/setup.bash'
[0.559s] INFO:colcon.colcon_core.shell:Creating prefix script '/home/ymrobot/ros2_ws_guidance/src/aud_conver/aud_conver/client_modules/install/local_setup.zsh'
[0.559s] INFO:colcon.colcon_core.shell:Creating prefix chain script '/home/ymrobot/ros2_ws_guidance/src/aud_conver/aud_conver/client_modules/install/setup.zsh'
