[0.007s] Invoking command in '/home/ymrobot/ros2_ws_guidance/src/aoa_tracking/build/aoa_tracking': CMAKE_PREFIX_PATH=${CMAKE_PREFIX_PATH}:/home/ymrobot/ros2_ws_guidance/install/play_mp3_action:/home/ymrobot/ros2_ws_guidance/install/aud_conver:/home/ymrobot/ros2_ws_guidance/install/ymbot_xiaoxue_description:/home/ymrobot/ros2_ws_guidance/install/pedestrian_detector_node:/home/ymrobot/ros2_ws_guidance/install/log_uploader_node:/opt/ros/humble /usr/bin/cmake /home/ymrobot/ros2_ws_guidance/src/aoa_tracking -DCMAKE_INSTALL_PREFIX=/home/ymrobot/ros2_ws_guidance/src/aoa_tracking/install/aoa_tracking
[0.018s] -- Found ament_cmake: 1.3.12 (/opt/ros/humble/share/ament_cmake/cmake)
[0.096s] -- Found rclcpp: 16.0.14 (/opt/ros/humble/share/rclcpp/cmake)
[0.110s] -- Found rosidl_generator_c: 3.1.7 (/opt/ros/humble/share/rosidl_generator_c/cmake)
[0.111s] -- Found rosidl_adapter: 3.1.7 (/opt/ros/humble/share/rosidl_adapter/cmake)
[0.114s] -- Found rosidl_generator_cpp: 3.1.7 (/opt/ros/humble/share/rosidl_generator_cpp/cmake)
[0.120s] -- Using all available rosidl_typesupport_c: rosidl_typesupport_fastrtps_c;rosidl_typesupport_introspection_c
[0.126s] -- Using all available rosidl_typesupport_cpp: rosidl_typesupport_fastrtps_cpp;rosidl_typesupport_introspection_cpp
[0.144s] -- Found rmw_implementation_cmake: 6.1.2 (/opt/ros/humble/share/rmw_implementation_cmake/cmake)
[0.145s] -- Found rmw_fastrtps_cpp: 6.2.8 (/opt/ros/humble/share/rmw_fastrtps_cpp/cmake)
[0.201s] -- Using RMW implementation 'rmw_fastrtps_cpp' as default
[0.227s] -- Found ymrobot_msgs: 0.0.0 (/home/ymrobot/ros2_ws_guidance/install/ymrobot_msgs/share/ymrobot_msgs/cmake)
[0.265s] -- Found ament_lint_auto: 0.12.14 (/opt/ros/humble/share/ament_lint_auto/cmake)
[0.309s] -- Added test 'cppcheck' to perform static code analysis on C / C++ code
[0.309s] -- Configured cppcheck include dirs: /home/ymrobot/ros2_ws_guidance/src/aoa_tracking/include/aoa_tracking
[0.309s] -- Configured cppcheck exclude dirs and/or files: 
[0.309s] -- Added test 'flake8' to check Python code syntax and style conventions
[0.310s] -- Added test 'lint_cmake' to check CMake code style
[0.310s] -- Added test 'pep257' to check Python code against some of the docstring style conventions in PEP 257
[0.313s] -- Added test 'uncrustify' to check C / C++ code style
[0.313s] -- Configured uncrustify additional arguments: 
[0.313s] -- Added test 'xmllint' to check XML markup files
[0.313s] -- Configuring done
[0.319s] -- Generating done
[0.321s] -- Build files have been written to: /home/ymrobot/ros2_ws_guidance/src/aoa_tracking/build/aoa_tracking
[0.327s] Invoked command in '/home/ymrobot/ros2_ws_guidance/src/aoa_tracking/build/aoa_tracking' returned '0': CMAKE_PREFIX_PATH=${CMAKE_PREFIX_PATH}:/home/ymrobot/ros2_ws_guidance/install/play_mp3_action:/home/ymrobot/ros2_ws_guidance/install/aud_conver:/home/ymrobot/ros2_ws_guidance/install/ymbot_xiaoxue_description:/home/ymrobot/ros2_ws_guidance/install/pedestrian_detector_node:/home/ymrobot/ros2_ws_guidance/install/log_uploader_node:/opt/ros/humble /usr/bin/cmake /home/ymrobot/ros2_ws_guidance/src/aoa_tracking -DCMAKE_INSTALL_PREFIX=/home/ymrobot/ros2_ws_guidance/src/aoa_tracking/install/aoa_tracking
[0.327s] Invoking command in '/home/ymrobot/ros2_ws_guidance/src/aoa_tracking/build/aoa_tracking': CMAKE_PREFIX_PATH=${CMAKE_PREFIX_PATH}:/home/ymrobot/ros2_ws_guidance/install/play_mp3_action:/home/ymrobot/ros2_ws_guidance/install/aud_conver:/home/ymrobot/ros2_ws_guidance/install/ymbot_xiaoxue_description:/home/ymrobot/ros2_ws_guidance/install/pedestrian_detector_node:/home/ymrobot/ros2_ws_guidance/install/log_uploader_node:/opt/ros/humble /usr/bin/cmake --build /home/ymrobot/ros2_ws_guidance/src/aoa_tracking/build/aoa_tracking -- -j20 -l20
[0.367s] [ 50%] [32mBuilding CXX object CMakeFiles/aoa_tracking_node.dir/src/aoa_tracking_node.cpp.o[0m
[1.589s] In file included from [01m[K/home/ymrobot/ros2_ws_guidance/src/aoa_tracking/src/aoa_tracking_node.cpp:46[m[K:
[1.589s] [01m[K/home/ymrobot/ros2_ws_guidance/src/aoa_tracking/include/aoa_tracking/aoa_tracking_node.hpp:[m[K In constructor ‘[01m[KMinimalPublisher::MinimalPublisher()[m[K’:
[1.589s] [01m[K/home/ymrobot/ros2_ws_guidance/src/aoa_tracking/include/aoa_tracking/aoa_tracking_node.hpp:15:62:[m[K [01;31m[Kerror: [m[Kexpected ‘[01m[K{[m[K’ at end of input
[1.589s]    15 |     MinimalPublisher() : Node("minimal_publisher"), count_(0)[01;31m[K;[m[K
[1.589s]       |                                                              [01;31m[K^[m[K
[1.589s] [01m[K/home/ymrobot/ros2_ws_guidance/src/aoa_tracking/src/aoa_tracking_node.cpp:[m[K At global scope:
[1.589s] [01m[K/home/ymrobot/ros2_ws_guidance/src/aoa_tracking/src/aoa_tracking_node.cpp:47:7:[m[K [01;31m[Kerror: [m[Kredefinition of ‘[01m[Kclass MinimalPublisher[m[K’
[1.589s]    47 | class [01;31m[KMinimalPublisher[m[K : public rclcpp::Node
[1.589s]       |       [01;31m[K^~~~~~~~~~~~~~~~[m[K
[1.589s] In file included from [01m[K/home/ymrobot/ros2_ws_guidance/src/aoa_tracking/src/aoa_tracking_node.cpp:46[m[K:
[1.589s] [01m[K/home/ymrobot/ros2_ws_guidance/src/aoa_tracking/include/aoa_tracking/aoa_tracking_node.hpp:12:7:[m[K [01;36m[Knote: [m[Kprevious definition of ‘[01m[Kclass MinimalPublisher[m[K’
[1.589s]    12 | class [01;36m[KMinimalPublisher[m[K : public rclcpp::Node
[1.589s]       |       [01;36m[K^~~~~~~~~~~~~~~~[m[K
[1.589s] [01m[K/home/ymrobot/ros2_ws_guidance/src/aoa_tracking/src/aoa_tracking_node.cpp:47:1:[m[K [01;31m[Kerror: [m[Knew types may not be defined in a return type
[1.589s]    47 | [01;31m[Kclass[m[K MinimalPublisher : public rclcpp::Node
[1.589s]       | [01;31m[K^~~~~[m[K
[1.589s] [01m[K/home/ymrobot/ros2_ws_guidance/src/aoa_tracking/src/aoa_tracking_node.cpp:47:1:[m[K [01;36m[Knote: [m[K(perhaps a semicolon is missing after the definition of ‘[01m[K<type error>[m[K’)
[1.589s] [01m[K/home/ymrobot/ros2_ws_guidance/src/aoa_tracking/src/aoa_tracking_node.cpp:47:1:[m[K [01;31m[Kerror: [m[Ktwo or more data types in declaration of ‘[01m[Kmain[m[K’
[1.807s] gmake[2]: *** [CMakeFiles/aoa_tracking_node.dir/build.make:76：CMakeFiles/aoa_tracking_node.dir/src/aoa_tracking_node.cpp.o] 错误 1
[1.807s] gmake[1]: *** [CMakeFiles/Makefile2:137：CMakeFiles/aoa_tracking_node.dir/all] 错误 2
[1.807s] gmake: *** [Makefile:146：all] 错误 2
[1.809s] Invoked command in '/home/ymrobot/ros2_ws_guidance/src/aoa_tracking/build/aoa_tracking' returned '2': CMAKE_PREFIX_PATH=${CMAKE_PREFIX_PATH}:/home/ymrobot/ros2_ws_guidance/install/play_mp3_action:/home/ymrobot/ros2_ws_guidance/install/aud_conver:/home/ymrobot/ros2_ws_guidance/install/ymbot_xiaoxue_description:/home/ymrobot/ros2_ws_guidance/install/pedestrian_detector_node:/home/ymrobot/ros2_ws_guidance/install/log_uploader_node:/opt/ros/humble /usr/bin/cmake --build /home/ymrobot/ros2_ws_guidance/src/aoa_tracking/build/aoa_tracking -- -j20 -l20
