[0.008s] Invoking command in '/home/ymrobot/ros2_ws_guidance/src/aoa_tracking/build/aoa_tracking': CMAKE_PREFIX_PATH=${CMAKE_PREFIX_PATH}:/home/ymrobot/ros2_ws_guidance/install/play_mp3_action:/home/ymrobot/ros2_ws_guidance/install/aud_conver:/home/ymrobot/ros2_ws_guidance/install/ymbot_xiaoxue_description:/home/ymrobot/ros2_ws_guidance/install/pedestrian_detector_node:/home/ymrobot/ros2_ws_guidance/install/log_uploader_node:/opt/ros/humble /usr/bin/cmake --build /home/ymrobot/ros2_ws_guidance/src/aoa_tracking/build/aoa_tracking -- -j20 -l20
[0.046s] [35m[1mConsolidate compiler generated dependencies of target aoa_tracking_node[0m
[0.064s] [ 50%] [32mBuilding CXX object CMakeFiles/aoa_tracking_node.dir/src/aoa_tracking_node.cpp.o[0m
[5.396s] [100%] [32m[1mLinking CXX executable aoa_tracking_node[0m
[5.696s] [100%] Built target aoa_tracking_node
[5.705s] Invoked command in '/home/ymrobot/ros2_ws_guidance/src/aoa_tracking/build/aoa_tracking' returned '0': CMAKE_PREFIX_PATH=${CMAKE_PREFIX_PATH}:/home/ymrobot/ros2_ws_guidance/install/play_mp3_action:/home/ymrobot/ros2_ws_guidance/install/aud_conver:/home/ymrobot/ros2_ws_guidance/install/ymbot_xiaoxue_description:/home/ymrobot/ros2_ws_guidance/install/pedestrian_detector_node:/home/ymrobot/ros2_ws_guidance/install/log_uploader_node:/opt/ros/humble /usr/bin/cmake --build /home/ymrobot/ros2_ws_guidance/src/aoa_tracking/build/aoa_tracking -- -j20 -l20
[5.711s] Invoking command in '/home/ymrobot/ros2_ws_guidance/src/aoa_tracking/build/aoa_tracking': CMAKE_PREFIX_PATH=${CMAKE_PREFIX_PATH}:/home/ymrobot/ros2_ws_guidance/install/play_mp3_action:/home/ymrobot/ros2_ws_guidance/install/aud_conver:/home/ymrobot/ros2_ws_guidance/install/ymbot_xiaoxue_description:/home/ymrobot/ros2_ws_guidance/install/pedestrian_detector_node:/home/ymrobot/ros2_ws_guidance/install/log_uploader_node:/opt/ros/humble /usr/bin/cmake --install /home/ymrobot/ros2_ws_guidance/src/aoa_tracking/build/aoa_tracking
[5.717s] -- Install configuration: ""
[5.717s] -- Installing: /home/ymrobot/ros2_ws_guidance/src/aoa_tracking/install/aoa_tracking/lib/aoa_tracking/aoa_tracking_node
[5.720s] -- Set runtime path of "/home/ymrobot/ros2_ws_guidance/src/aoa_tracking/install/aoa_tracking/lib/aoa_tracking/aoa_tracking_node" to ""
[5.720s] -- Up-to-date: /home/ymrobot/ros2_ws_guidance/src/aoa_tracking/install/aoa_tracking/share/ament_index/resource_index/package_run_dependencies/aoa_tracking
[5.720s] -- Up-to-date: /home/ymrobot/ros2_ws_guidance/src/aoa_tracking/install/aoa_tracking/share/ament_index/resource_index/parent_prefix_path/aoa_tracking
[5.720s] -- Up-to-date: /home/ymrobot/ros2_ws_guidance/src/aoa_tracking/install/aoa_tracking/share/aoa_tracking/environment/ament_prefix_path.sh
[5.720s] -- Up-to-date: /home/ymrobot/ros2_ws_guidance/src/aoa_tracking/install/aoa_tracking/share/aoa_tracking/environment/ament_prefix_path.dsv
[5.720s] -- Up-to-date: /home/ymrobot/ros2_ws_guidance/src/aoa_tracking/install/aoa_tracking/share/aoa_tracking/environment/path.sh
[5.720s] -- Up-to-date: /home/ymrobot/ros2_ws_guidance/src/aoa_tracking/install/aoa_tracking/share/aoa_tracking/environment/path.dsv
[5.720s] -- Up-to-date: /home/ymrobot/ros2_ws_guidance/src/aoa_tracking/install/aoa_tracking/share/aoa_tracking/local_setup.bash
[5.720s] -- Up-to-date: /home/ymrobot/ros2_ws_guidance/src/aoa_tracking/install/aoa_tracking/share/aoa_tracking/local_setup.sh
[5.720s] -- Up-to-date: /home/ymrobot/ros2_ws_guidance/src/aoa_tracking/install/aoa_tracking/share/aoa_tracking/local_setup.zsh
[5.720s] -- Up-to-date: /home/ymrobot/ros2_ws_guidance/src/aoa_tracking/install/aoa_tracking/share/aoa_tracking/local_setup.dsv
[5.720s] -- Installing: /home/ymrobot/ros2_ws_guidance/src/aoa_tracking/install/aoa_tracking/share/aoa_tracking/package.dsv
[5.720s] -- Up-to-date: /home/ymrobot/ros2_ws_guidance/src/aoa_tracking/install/aoa_tracking/share/ament_index/resource_index/packages/aoa_tracking
[5.720s] -- Up-to-date: /home/ymrobot/ros2_ws_guidance/src/aoa_tracking/install/aoa_tracking/share/aoa_tracking/cmake/aoa_trackingConfig.cmake
[5.720s] -- Up-to-date: /home/ymrobot/ros2_ws_guidance/src/aoa_tracking/install/aoa_tracking/share/aoa_tracking/cmake/aoa_trackingConfig-version.cmake
[5.721s] -- Up-to-date: /home/ymrobot/ros2_ws_guidance/src/aoa_tracking/install/aoa_tracking/share/aoa_tracking/package.xml
[5.722s] Invoked command in '/home/ymrobot/ros2_ws_guidance/src/aoa_tracking/build/aoa_tracking' returned '0': CMAKE_PREFIX_PATH=${CMAKE_PREFIX_PATH}:/home/ymrobot/ros2_ws_guidance/install/play_mp3_action:/home/ymrobot/ros2_ws_guidance/install/aud_conver:/home/ymrobot/ros2_ws_guidance/install/ymbot_xiaoxue_description:/home/ymrobot/ros2_ws_guidance/install/pedestrian_detector_node:/home/ymrobot/ros2_ws_guidance/install/log_uploader_node:/opt/ros/humble /usr/bin/cmake --install /home/ymrobot/ros2_ws_guidance/src/aoa_tracking/build/aoa_tracking
