[0.008s] Invoking command in '/home/ymrobot/ros2_ws_guidance/src/aoa_tracking/build/aoa_tracking': /usr/bin/cmake /home/ymrobot/ros2_ws_guidance/src/aoa_tracking -DCMAKE_INSTALL_PREFIX=/home/ymrobot/ros2_ws_guidance/src/aoa_tracking/install/aoa_tracking
[0.106s] -- The C compiler identification is GNU 11.4.0
[0.186s] -- The CXX compiler identification is GNU 11.4.0
[0.192s] -- Detecting C compiler ABI info
[0.257s] -- Detecting C compiler ABI info - done
[0.261s] -- Check for working C compiler: /usr/bin/cc - skipped
[0.261s] -- Detecting C compile features
[0.262s] -- Detecting C compile features - done
[0.264s] -- Detecting CXX compiler ABI info
[0.330s] -- Detecting CXX compiler ABI info - done
[0.339s] -- Check for working CXX compiler: /usr/bin/c++ - skipped
[0.339s] -- Detecting CXX compile features
[0.339s] -- Detecting CXX compile features - done
[0.350s] -- Found ament_cmake: 1.3.12 (/opt/ros/humble/share/ament_cmake/cmake)
[0.574s] -- Found Python3: /usr/bin/python3 (found version "3.10.12") found components: Interpreter 
[0.645s] -- Found ymrobot_msgs: 0.0.0 (/home/ymrobot/ros2_ws_guidance/install/ymrobot_msgs/share/ymrobot_msgs/cmake)
[0.680s] -- Found rosidl_generator_c: 3.1.7 (/opt/ros/humble/share/rosidl_generator_c/cmake)
[0.685s] -- Found rosidl_adapter: 3.1.7 (/opt/ros/humble/share/rosidl_adapter/cmake)
[0.692s] -- Found rosidl_generator_cpp: 3.1.7 (/opt/ros/humble/share/rosidl_generator_cpp/cmake)
[0.703s] -- Using all available rosidl_typesupport_c: rosidl_typesupport_fastrtps_c;rosidl_typesupport_introspection_c
[0.716s] -- Using all available rosidl_typesupport_cpp: rosidl_typesupport_fastrtps_cpp;rosidl_typesupport_introspection_cpp
[0.785s] [31mCMake Error at /opt/ros/humble/share/ament_cmake_target_dependencies/cmake/ament_target_dependencies.cmake:77 (message):
[0.785s]   ament_target_dependencies() the passed package name 'rclcpp' was not found
[0.785s]   before
[0.785s] Call Stack (most recent call first):
[0.786s]   CMakeLists.txt:13 (ament_target_dependencies)
[0.786s] 
[0.786s] [0m
[0.786s] -- Configuring incomplete, errors occurred!
[0.786s] See also "/home/ymrobot/ros2_ws_guidance/src/aoa_tracking/build/aoa_tracking/CMakeFiles/CMakeOutput.log".
[0.790s] Invoked command in '/home/ymrobot/ros2_ws_guidance/src/aoa_tracking/build/aoa_tracking' returned '1': /usr/bin/cmake /home/ymrobot/ros2_ws_guidance/src/aoa_tracking -DCMAKE_INSTALL_PREFIX=/home/ymrobot/ros2_ws_guidance/src/aoa_tracking/install/aoa_tracking
