[01m[K/home/ymrobot/ros2_ws_guidance/src/aoa_tracking/src/aoa_tracking_node.cpp:[m[K In member function ‘[01m[Kvoid ymrobot::AoaTracking::chissis_status_callback(const CloudChassisStatus&)[m[K’:
[01m[K/home/ymrobot/ros2_ws_guidance/src/aoa_tracking/src/aoa_tracking_node.cpp:22:11:[m[K [01;31m[Kerror: [m[K‘[01m[Kclass ymrobot::AoaTracking[m[K’ has no member named ‘[01m[Kx[m[K’
   22 |     this->[01;31m[Kx[m[K = msg.x;
      |           [01;31m[K^[m[K
[01m[K/home/ymrobot/ros2_ws_guidance/src/aoa_tracking/src/aoa_tracking_node.cpp:23:11:[m[K [01;31m[Kerror: [m[K‘[01m[Kclass ymrobot::AoaTracking[m[K’ has no member named ‘[01m[Ky[m[K’
   23 |     this->[01;31m[Ky[m[K = msg.y;
      |           [01;31m[K^[m[K
[01m[K/home/ymrobot/ros2_ws_guidance/src/aoa_tracking/src/aoa_tracking_node.cpp:24:11:[m[K [01;31m[Kerror: [m[K‘[01m[Kclass ymrobot::AoaTracking[m[K’ has no member named ‘[01m[Kyaw[m[K’
   24 |     this->[01;31m[Kyaw[m[K = msg.yaw;
      |           [01;31m[K^~~[m[K
In file included from [01m[K/opt/ros/humble/include/rclcpp/rclcpp/logging.hpp:24[m[K,
                 from [01m[K/opt/ros/humble/include/rclcpp/rclcpp/client.hpp:40[m[K,
                 from [01m[K/opt/ros/humble/include/rclcpp/rclcpp/callback_group.hpp:24[m[K,
                 from [01m[K/opt/ros/humble/include/rclcpp/rclcpp/any_executable.hpp:20[m[K,
                 from [01m[K/opt/ros/humble/include/rclcpp/rclcpp/memory_strategy.hpp:25[m[K,
                 from [01m[K/opt/ros/humble/include/rclcpp/rclcpp/memory_strategies.hpp:18[m[K,
                 from [01m[K/opt/ros/humble/include/rclcpp/rclcpp/executor_options.hpp:20[m[K,
                 from [01m[K/opt/ros/humble/include/rclcpp/rclcpp/executor.hpp:37[m[K,
                 from [01m[K/opt/ros/humble/include/rclcpp/rclcpp/executors/multi_threaded_executor.hpp:25[m[K,
                 from [01m[K/opt/ros/humble/include/rclcpp/rclcpp/executors.hpp:21[m[K,
                 from [01m[K/opt/ros/humble/include/rclcpp/rclcpp/rclcpp.hpp:155[m[K,
                 from [01m[K/home/ymrobot/ros2_ws_guidance/src/aoa_tracking/include/aoa_tracking/aoa_tracking_node.hpp:6[m[K,
                 from [01m[K/home/ymrobot/ros2_ws_guidance/src/aoa_tracking/src/aoa_tracking_node.cpp:5[m[K:
[01m[K/home/ymrobot/ros2_ws_guidance/src/aoa_tracking/src/aoa_tracking_node.cpp:25:84:[m[K [01;31m[Kerror: [m[K‘[01m[Kclass ymrobot::AoaTracking[m[K’ has no member named ‘[01m[Kx[m[K’
   25 |     RCLCPP_INFO(this->get_logger(), "接收到数据x: '%f', y: '%f', yaw: '%f'", this->[01;31m[Kx[m[K, this->y, this->yaw);
      |                                                                                    [01;31m[K^[m[K
[01m[K/home/ymrobot/ros2_ws_guidance/src/aoa_tracking/src/aoa_tracking_node.cpp:25:93:[m[K [01;31m[Kerror: [m[K‘[01m[Kclass ymrobot::AoaTracking[m[K’ has no member named ‘[01m[Ky[m[K’
   25 |     RCLCPP_INFO(this->get_logger(), "接收到数据x: '%f', y: '%f', yaw: '%f'", this->x, this->[01;31m[Ky[m[K, this->yaw);
      |                                                                                             [01;31m[K^[m[K
[01m[K/home/ymrobot/ros2_ws_guidance/src/aoa_tracking/src/aoa_tracking_node.cpp:25:102:[m[K [01;31m[Kerror: [m[K‘[01m[Kclass ymrobot::AoaTracking[m[K’ has no member named ‘[01m[Kyaw[m[K’
   25 |     RCLCPP_INFO(this->get_logger(), "接收到数据x: '%f', y: '%f', yaw: '%f'", this->x, this->y, this->[01;31m[Kyaw[m[K);
      |                                                                                                      [01;31m[K^~~[m[K
gmake[2]: *** [CMakeFiles/aoa_tracking_node.dir/build.make:76：CMakeFiles/aoa_tracking_node.dir/src/aoa_tracking_node.cpp.o] 错误 1
gmake[1]: *** [CMakeFiles/Makefile2:137：CMakeFiles/aoa_tracking_node.dir/all] 错误 2
gmake: *** [Makefile:146：all] 错误 2
